Java HotSpot(TM) 64-Bit Server VM (25.121-b13) for bsd-amd64 JRE (1.8.0_121-b13), built on Dec 12 2016 20:39:32 by "java_re" with gcc 4.2.1 (Based on Apple Inc. build 5658) (LLVM build 2336.11.00)
Memory: 4k page, physical 8388608k(161540k free)

/proc/meminfo:

CommandLine flags: -XX:-BytecodeVerificationLocal -XX:-BytecodeVerificationRemote -XX:InitialHeapSize=134217728 -XX:+ManagementServer -XX:MaxHeapSize=2147483648 -XX:+PrintGC -XX:+PrintGCDateStamps -XX:+PrintGCDetails -XX:+PrintGCTimeStamps -XX:TieredStopAtLevel=1 -XX:+UseCompressedClassPointers -XX:+UseCompressedOops -XX:+UseG1GC 
2019-10-12T10:46:49.051-0800: 1.326: [GC pause (G1 Evacuation Pause) (young), 0.0066816 secs]
   [Parallel Time: 4.3 ms, GC Workers: 4]
      [GC Worker Start (ms): Min: 1326.1, Avg: 1326.2, Max: 1326.2, Diff: 0.1]
      [Ext Root Scanning (ms): Min: 0.2, Avg: 0.8, Max: 2.1, Diff: 1.9, Sum: 3.2]
      [Update RS (ms): Min: 0.0, Avg: 0.0, Max: 0.0, Diff: 0.0, Sum: 0.0]
         [Processed Buffers: Min: 0, Avg: 0.0, Max: 0, Diff: 0, Sum: 0]
      [Scan RS (ms): Min: 0.0, Avg: 0.0, Max: 0.0, Diff: 0.0, Sum: 0.0]
      [Code Root Scanning (ms): Min: 0.0, Avg: 0.3, Max: 1.1, Diff: 1.1, Sum: 1.3]
      [Object Copy (ms): Min: 2.2, Avg: 3.1, Max: 3.7, Diff: 1.5, Sum: 12.3]
      [Termination (ms): Min: 0.0, Avg: 0.0, Max: 0.0, Diff: 0.0, Sum: 0.0]
         [Termination Attempts: Min: 1, Avg: 1.5, Max: 3, Diff: 2, Sum: 6]
      [GC Worker Other (ms): Min: 0.0, Avg: 0.0, Max: 0.0, Diff: 0.0, Sum: 0.1]
      [GC Worker Total (ms): Min: 4.2, Avg: 4.2, Max: 4.3, Diff: 0.1, Sum: 16.9]
      [GC Worker End (ms): Min: 1330.4, Avg: 1330.4, Max: 1330.4, Diff: 0.0]
   [Code Root Fixup: 0.1 ms]
   [Code Root Purge: 0.0 ms]
   [Clear CT: 0.1 ms]
   [Other: 2.1 ms]
      [Choose CSet: 0.0 ms]
      [Ref Proc: 1.9 ms]
      [Ref Enq: 0.0 ms]
      [Redirty Cards: 0.1 ms]
      [Humongous Register: 0.0 ms]
      [Humongous Reclaim: 0.0 ms]
      [Free CSet: 0.0 ms]
   [Eden: 14.0M(14.0M)->0.0B(19.0M) Survivors: 0.0B->2048.0K Heap: 14.0M(128.0M)->2186.0K(128.0M)]
 [Times: user=0.02 sys=0.00, real=0.00 secs] 
2019-10-12T10:46:49.483-0800: 1.758: [GC pause (G1 Evacuation Pause) (young), 0.0049918 secs]
   [Parallel Time: 3.5 ms, GC Workers: 4]
      [GC Worker Start (ms): Min: 1757.6, Avg: 1757.6, Max: 1757.6, Diff: 0.0]
      [Ext Root Scanning (ms): Min: 0.2, Avg: 0.5, Max: 1.1, Diff: 0.9, Sum: 1.8]
      [Update RS (ms): Min: 0.0, Avg: 0.0, Max: 0.1, Diff: 0.1, Sum: 0.1]
         [Processed Buffers: Min: 0, Avg: 0.2, Max: 1, Diff: 1, Sum: 1]
      [Scan RS (ms): Min: 0.0, Avg: 0.0, Max: 0.0, Diff: 0.0, Sum: 0.0]
      [Code Root Scanning (ms): Min: 0.0, Avg: 0.1, Max: 0.3, Diff: 0.3, Sum: 0.4]
      [Object Copy (ms): Min: 2.3, Avg: 2.8, Max: 3.1, Diff: 0.8, Sum: 11.3]
      [Termination (ms): Min: 0.0, Avg: 0.1, Max: 0.1, Diff: 0.1, Sum: 0.2]
         [Termination Attempts: Min: 2, Avg: 3.0, Max: 4, Diff: 2, Sum: 12]
      [GC Worker Other (ms): Min: 0.0, Avg: 0.0, Max: 0.0, Diff: 0.0, Sum: 0.0]
      [GC Worker Total (ms): Min: 3.5, Avg: 3.5, Max: 3.5, Diff: 0.0, Sum: 13.9]
      [GC Worker End (ms): Min: 1761.0, Avg: 1761.1, Max: 1761.1, Diff: 0.0]
   [Code Root Fixup: 0.1 ms]
   [Code Root Purge: 0.0 ms]
   [Clear CT: 0.1 ms]
   [Other: 1.3 ms]
      [Choose CSet: 0.0 ms]
      [Ref Proc: 1.1 ms]
      [Ref Enq: 0.0 ms]
      [Redirty Cards: 0.1 ms]
      [Humongous Register: 0.0 ms]
      [Humongous Reclaim: 0.0 ms]
      [Free CSet: 0.0 ms]
   [Eden: 19.0M(19.0M)->0.0B(73.0M) Survivors: 2048.0K->3072.0K Heap: 21.1M(128.0M)->4750.1K(128.0M)]
 [Times: user=0.01 sys=0.00, real=0.00 secs] 
2019-10-12T10:46:50.684-0800: 2.958: [GC pause (G1 Evacuation Pause) (young), 0.0285040 secs]
   [Parallel Time: 15.0 ms, GC Workers: 4]
      [GC Worker Start (ms): Min: 2958.4, Avg: 2958.5, Max: 2958.5, Diff: 0.0]
      [Ext Root Scanning (ms): Min: 0.5, Avg: 0.9, Max: 1.6, Diff: 1.0, Sum: 3.8]
      [Update RS (ms): Min: 0.0, Avg: 0.3, Max: 0.5, Diff: 0.5, Sum: 1.2]
         [Processed Buffers: Min: 0, Avg: 3.2, Max: 8, Diff: 8, Sum: 13]
      [Scan RS (ms): Min: 0.0, Avg: 0.3, Max: 0.8, Diff: 0.8, Sum: 1.3]
      [Code Root Scanning (ms): Min: 0.0, Avg: 0.1, Max: 0.1, Diff: 0.1, Sum: 0.2]
      [Object Copy (ms): Min: 3.0, Avg: 3.2, Max: 3.3, Diff: 0.3, Sum: 12.8]
      [Termination (ms): Min: 0.0, Avg: 7.6, Max: 10.1, Diff: 10.1, Sum: 30.3]
         [Termination Attempts: Min: 1, Avg: 1.0, Max: 1, Diff: 0, Sum: 4]
      [GC Worker Other (ms): Min: 0.0, Avg: 0.0, Max: 0.0, Diff: 0.0, Sum: 0.0]
      [GC Worker Total (ms): Min: 4.9, Avg: 12.4, Max: 14.9, Diff: 10.0, Sum: 49.6]
      [GC Worker End (ms): Min: 2963.3, Avg: 2970.9, Max: 2973.4, Diff: 10.0]
   [Code Root Fixup: 0.1 ms]
   [Code Root Purge: 0.0 ms]
   [Clear CT: 0.1 ms]
   [Other: 13.3 ms]
      [Choose CSet: 0.0 ms]
      [Ref Proc: 13.1 ms]
      [Ref Enq: 0.0 ms]
      [Redirty Cards: 0.0 ms]
      [Humongous Register: 0.0 ms]
      [Humongous Reclaim: 0.0 ms]
      [Free CSet: 0.1 ms]
   [Eden: 73.0M(73.0M)->0.0B(70.0M) Survivors: 3072.0K->6144.0K Heap: 77.6M(128.0M)->7180.3K(128.0M)]
 [Times: user=0.01 sys=0.00, real=0.03 secs] 
2019-10-12T10:46:51.289-0800: 3.564: [GC pause (G1 Evacuation Pause) (young), 0.0074241 secs]
   [Parallel Time: 5.1 ms, GC Workers: 4]
      [GC Worker Start (ms): Min: 3563.6, Avg: 3563.7, Max: 3563.7, Diff: 0.1]
      [Ext Root Scanning (ms): Min: 0.4, Avg: 0.7, Max: 1.1, Diff: 0.7, Sum: 2.6]
      [Update RS (ms): Min: 0.0, Avg: 0.1, Max: 0.2, Diff: 0.2, Sum: 0.5]
         [Processed Buffers: Min: 0, Avg: 2.2, Max: 7, Diff: 7, Sum: 9]
      [Scan RS (ms): Min: 0.0, Avg: 0.0, Max: 0.0, Diff: 0.0, Sum: 0.0]
      [Code Root Scanning (ms): Min: 0.0, Avg: 0.1, Max: 0.3, Diff: 0.3, Sum: 0.3]
      [Object Copy (ms): Min: 3.9, Avg: 4.1, Max: 4.2, Diff: 0.3, Sum: 16.5]
      [Termination (ms): Min: 0.0, Avg: 0.0, Max: 0.0, Diff: 0.0, Sum: 0.0]
         [Termination Attempts: Min: 1, Avg: 1.0, Max: 1, Diff: 0, Sum: 4]
      [GC Worker Other (ms): Min: 0.0, Avg: 0.0, Max: 0.0, Diff: 0.0, Sum: 0.1]
      [GC Worker Total (ms): Min: 5.0, Avg: 5.0, Max: 5.1, Diff: 0.1, Sum: 20.0]
      [GC Worker End (ms): Min: 3568.7, Avg: 3568.7, Max: 3568.7, Diff: 0.0]
   [Code Root Fixup: 0.1 ms]
   [Code Root Purge: 0.0 ms]
   [Clear CT: 0.1 ms]
   [Other: 2.1 ms]
      [Choose CSet: 0.0 ms]
      [Ref Proc: 1.9 ms]
      [Ref Enq: 0.0 ms]
      [Redirty Cards: 0.0 ms]
      [Humongous Register: 0.0 ms]
      [Humongous Reclaim: 0.0 ms]
      [Free CSet: 0.1 ms]
   [Eden: 70.0M(70.0M)->0.0B(70.0M) Survivors: 6144.0K->6144.0K Heap: 77.0M(128.0M)->7950.0K(128.0M)]
 [Times: user=0.02 sys=0.00, real=0.01 secs] 
2019-10-12T10:46:52.409-0800: 4.684: [GC pause (G1 Evacuation Pause) (young), 0.0111599 secs]
   [Parallel Time: 5.1 ms, GC Workers: 4]
      [GC Worker Start (ms): Min: 4684.2, Avg: 4684.2, Max: 4684.3, Diff: 0.0]
      [Ext Root Scanning (ms): Min: 0.4, Avg: 0.9, Max: 1.4, Diff: 1.0, Sum: 3.7]
      [Update RS (ms): Min: 0.0, Avg: 0.1, Max: 0.3, Diff: 0.3, Sum: 0.6]
         [Processed Buffers: Min: 0, Avg: 2.2, Max: 6, Diff: 6, Sum: 9]
      [Scan RS (ms): Min: 0.0, Avg: 0.0, Max: 0.0, Diff: 0.0, Sum: 0.0]
      [Code Root Scanning (ms): Min: 0.0, Avg: 0.1, Max: 0.2, Diff: 0.2, Sum: 0.4]
      [Object Copy (ms): Min: 3.7, Avg: 3.9, Max: 4.1, Diff: 0.4, Sum: 15.5]
      [Termination (ms): Min: 0.0, Avg: 0.0, Max: 0.0, Diff: 0.0, Sum: 0.0]
         [Termination Attempts: Min: 1, Avg: 1.0, Max: 1, Diff: 0, Sum: 4]
      [GC Worker Other (ms): Min: 0.0, Avg: 0.0, Max: 0.0, Diff: 0.0, Sum: 0.1]
      [GC Worker Total (ms): Min: 5.1, Avg: 5.1, Max: 5.1, Diff: 0.0, Sum: 20.4]
      [GC Worker End (ms): Min: 4689.3, Avg: 4689.3, Max: 4689.3, Diff: 0.0]
   [Code Root Fixup: 0.1 ms]
   [Code Root Purge: 0.0 ms]
   [Clear CT: 0.1 ms]
   [Other: 5.8 ms]
      [Choose CSet: 0.0 ms]
      [Ref Proc: 5.5 ms]
      [Ref Enq: 0.0 ms]
      [Redirty Cards: 0.1 ms]
      [Humongous Register: 0.0 ms]
      [Humongous Reclaim: 0.0 ms]
      [Free CSet: 0.1 ms]
   [Eden: 70.0M(70.0M)->0.0B(67.0M) Survivors: 6144.0K->9216.0K Heap: 77.8M(128.0M)->10.3M(128.0M)]
 [Times: user=0.03 sys=0.00, real=0.02 secs] 
2019-10-12T10:46:52.546-0800: 4.820: [GC pause (Metadata GC Threshold) (young) (initial-mark), 0.0081241 secs]
   [Parallel Time: 6.5 ms, GC Workers: 4]
      [GC Worker Start (ms): Min: 4820.4, Avg: 4820.4, Max: 4820.5, Diff: 0.1]
      [Ext Root Scanning (ms): Min: 0.8, Avg: 0.9, Max: 1.1, Diff: 0.3, Sum: 3.7]
      [Update RS (ms): Min: 0.0, Avg: 0.1, Max: 0.3, Diff: 0.3, Sum: 0.6]
         [Processed Buffers: Min: 1, Avg: 1.8, Max: 3, Diff: 2, Sum: 7]
      [Scan RS (ms): Min: 0.0, Avg: 0.0, Max: 0.0, Diff: 0.0, Sum: 0.0]
      [Code Root Scanning (ms): Min: 0.0, Avg: 0.1, Max: 0.3, Diff: 0.3, Sum: 0.5]
      [Object Copy (ms): Min: 3.9, Avg: 4.0, Max: 4.1, Diff: 0.3, Sum: 16.1]
      [Termination (ms): Min: 0.0, Avg: 0.7, Max: 1.2, Diff: 1.2, Sum: 2.9]
         [Termination Attempts: Min: 1, Avg: 1.5, Max: 2, Diff: 1, Sum: 6]
      [GC Worker Other (ms): Min: 0.0, Avg: 0.0, Max: 0.0, Diff: 0.0, Sum: 0.1]
      [GC Worker Total (ms): Min: 5.2, Avg: 5.9, Max: 6.4, Diff: 1.2, Sum: 23.7]
      [GC Worker End (ms): Min: 4825.7, Avg: 4826.4, Max: 4826.8, Diff: 1.1]
   [Code Root Fixup: 0.1 ms]
   [Code Root Purge: 0.0 ms]
   [Clear CT: 0.1 ms]
   [Other: 1.4 ms]
      [Choose CSet: 0.0 ms]
      [Ref Proc: 1.2 ms]
      [Ref Enq: 0.0 ms]
      [Redirty Cards: 0.0 ms]
      [Humongous Register: 0.0 ms]
      [Humongous Reclaim: 0.0 ms]
      [Free CSet: 0.1 ms]
   [Eden: 16.0M(67.0M)->0.0B(70.0M) Survivors: 9216.0K->6144.0K Heap: 26.3M(128.0M)->7438.0K(128.0M)]
 [Times: user=0.02 sys=0.00, real=0.01 secs] 
2019-10-12T10:46:52.554-0800: 4.829: [GC concurrent-root-region-scan-start]
2019-10-12T10:46:52.562-0800: 4.837: [GC concurrent-root-region-scan-end, 0.0081017 secs]
2019-10-12T10:46:52.562-0800: 4.837: [GC concurrent-mark-start]
2019-10-12T10:46:52.568-0800: 4.843: [GC concurrent-mark-end, 0.0060222 secs]
2019-10-12T10:46:52.568-0800: 4.843: [GC remark 2019-10-12T10:46:52.568-0800: 4.843: [Finalize Marking, 0.0001184 secs] 2019-10-12T10:46:52.568-0800: 4.843: [GC ref-proc, 0.0010793 secs] 2019-10-12T10:46:52.570-0800: 4.844: [Unloading, 0.0033136 secs], 0.0047537 secs]
 [Times: user=0.01 sys=0.00, real=0.01 secs] 
2019-10-12T10:46:52.573-0800: 4.848: [GC cleanup 9485K->9485K(128M), 0.0009310 secs]
 [Times: user=0.00 sys=0.00, real=0.00 secs] 
2019-10-12T10:46:53.603-0800: 5.878: [GC pause (G1 Evacuation Pause) (young), 0.0270222 secs]
   [Parallel Time: 23.9 ms, GC Workers: 4]
      [GC Worker Start (ms): Min: 5877.9, Avg: 5880.2, Max: 5883.1, Diff: 5.2]
      [Ext Root Scanning (ms): Min: 0.0, Avg: 2.6, Max: 6.3, Diff: 6.3, Sum: 10.5]
      [Update RS (ms): Min: 0.0, Avg: 0.2, Max: 0.5, Diff: 0.5, Sum: 0.8]
         [Processed Buffers: Min: 0, Avg: 2.2, Max: 7, Diff: 7, Sum: 9]
      [Scan RS (ms): Min: 0.0, Avg: 0.0, Max: 0.0, Diff: 0.0, Sum: 0.1]
      [Code Root Scanning (ms): Min: 0.0, Avg: 3.3, Max: 10.9, Diff: 10.9, Sum: 13.0]
      [Object Copy (ms): Min: 5.0, Avg: 12.9, Max: 16.0, Diff: 11.0, Sum: 51.6]
      [Termination (ms): Min: 0.0, Avg: 1.9, Max: 2.6, Diff: 2.6, Sum: 7.8]
         [Termination Attempts: Min: 1, Avg: 1.0, Max: 1, Diff: 0, Sum: 4]
      [GC Worker Other (ms): Min: 0.0, Avg: 0.0, Max: 0.0, Diff: 0.0, Sum: 0.1]
      [GC Worker Total (ms): Min: 17.4, Avg: 20.9, Max: 23.9, Diff: 6.5, Sum: 83.7]
      [GC Worker End (ms): Min: 5899.4, Avg: 5901.2, Max: 5901.8, Diff: 2.4]
   [Code Root Fixup: 0.2 ms]
   [Code Root Purge: 0.0 ms]
   [Clear CT: 0.1 ms]
   [Other: 2.8 ms]
      [Choose CSet: 0.0 ms]
      [Ref Proc: 2.4 ms]
      [Ref Enq: 0.0 ms]
      [Redirty Cards: 0.1 ms]
      [Humongous Register: 0.0 ms]
      [Humongous Reclaim: 0.0 ms]
      [Free CSet: 0.2 ms]
   [Eden: 70.0M(70.0M)->0.0B(68.0M) Survivors: 6144.0K->8192.0K Heap: 77.3M(128.0M)->9998.0K(128.0M)]
 [Times: user=0.03 sys=0.00, real=0.03 secs] 
2019-10-12T10:46:54.235-0800: 6.509: [GC pause (G1 Evacuation Pause) (young), 0.0128737 secs]
   [Parallel Time: 10.3 ms, GC Workers: 4]
      [GC Worker Start (ms): Min: 6509.4, Avg: 6509.5, Max: 6509.5, Diff: 0.0]
      [Ext Root Scanning (ms): Min: 0.2, Avg: 0.8, Max: 1.8, Diff: 1.6, Sum: 3.1]
      [Update RS (ms): Min: 0.0, Avg: 0.1, Max: 0.3, Diff: 0.3, Sum: 0.6]
         [Processed Buffers: Min: 0, Avg: 2.0, Max: 6, Diff: 6, Sum: 8]
      [Scan RS (ms): Min: 0.0, Avg: 0.0, Max: 0.0, Diff: 0.0, Sum: 0.1]
      [Code Root Scanning (ms): Min: 0.0, Avg: 1.0, Max: 3.3, Diff: 3.3, Sum: 3.9]
      [Object Copy (ms): Min: 5.9, Avg: 8.0, Max: 9.6, Diff: 3.8, Sum: 32.1]
      [Termination (ms): Min: 0.0, Avg: 0.0, Max: 0.0, Diff: 0.0, Sum: 0.0]
         [Termination Attempts: Min: 1, Avg: 1.0, Max: 1, Diff: 0, Sum: 4]
      [GC Worker Other (ms): Min: 0.0, Avg: 0.0, Max: 0.1, Diff: 0.1, Sum: 0.2]
      [GC Worker Total (ms): Min: 9.9, Avg: 10.0, Max: 10.1, Diff: 0.1, Sum: 39.9]
      [GC Worker End (ms): Min: 6519.4, Avg: 6519.4, Max: 6519.5, Diff: 0.1]
   [Code Root Fixup: 0.4 ms]
   [Code Root Purge: 0.0 ms]
   [Clear CT: 0.1 ms]
   [Other: 2.1 ms]
      [Choose CSet: 0.0 ms]
      [Ref Proc: 1.9 ms]
      [Ref Enq: 0.0 ms]
      [Redirty Cards: 0.0 ms]
      [Humongous Register: 0.0 ms]
      [Humongous Reclaim: 0.0 ms]
      [Free CSet: 0.1 ms]
   [Eden: 68.0M(68.0M)->0.0B(66.0M) Survivors: 8192.0K->10.0M Heap: 77.8M(128.0M)->11.9M(128.0M)]
 [Times: user=0.04 sys=0.00, real=0.01 secs] 
2019-10-12T10:46:54.628-0800: 6.902: [GC pause (G1 Evacuation Pause) (young), 0.0172799 secs]
   [Parallel Time: 14.5 ms, GC Workers: 4]
      [GC Worker Start (ms): Min: 6902.3, Avg: 6902.4, Max: 6902.4, Diff: 0.0]
      [Ext Root Scanning (ms): Min: 0.3, Avg: 0.9, Max: 2.1, Diff: 1.8, Sum: 3.5]
      [Update RS (ms): Min: 0.0, Avg: 0.5, Max: 0.7, Diff: 0.7, Sum: 2.1]
         [Processed Buffers: Min: 0, Avg: 2.5, Max: 5, Diff: 5, Sum: 10]
      [Scan RS (ms): Min: 0.0, Avg: 0.0, Max: 0.0, Diff: 0.0, Sum: 0.1]
      [Code Root Scanning (ms): Min: 0.0, Avg: 0.6, Max: 1.7, Diff: 1.7, Sum: 2.6]
      [Object Copy (ms): Min: 10.3, Avg: 11.4, Max: 12.1, Diff: 1.8, Sum: 45.4]
      [Termination (ms): Min: 0.0, Avg: 0.7, Max: 1.0, Diff: 1.0, Sum: 2.6]
         [Termination Attempts: Min: 1, Avg: 1.0, Max: 1, Diff: 0, Sum: 4]
      [GC Worker Other (ms): Min: 0.0, Avg: 0.0, Max: 0.0, Diff: 0.0, Sum: 0.0]
      [GC Worker Total (ms): Min: 13.5, Avg: 14.1, Max: 14.4, Diff: 0.9, Sum: 56.3]
      [GC Worker End (ms): Min: 6915.9, Avg: 6916.4, Max: 6916.7, Diff: 0.9]
   [Code Root Fixup: 0.3 ms]
   [Code Root Purge: 0.0 ms]
   [Clear CT: 0.1 ms]
   [Other: 2.4 ms]
      [Choose CSet: 0.0 ms]
      [Ref Proc: 2.1 ms]
      [Ref Enq: 0.0 ms]
      [Redirty Cards: 0.1 ms]
      [Humongous Register: 0.0 ms]
      [Humongous Reclaim: 0.0 ms]
      [Free CSet: 0.1 ms]
   [Eden: 66.0M(66.0M)->0.0B(66.0M) Survivors: 10.0M->10.0M Heap: 77.9M(128.0M)->14.7M(128.0M)]
 [Times: user=0.04 sys=0.00, real=0.02 secs] 
2019-10-12T10:46:54.953-0800: 7.228: [GC pause (G1 Evacuation Pause) (young), 0.0126169 secs]
   [Parallel Time: 11.0 ms, GC Workers: 4]
      [GC Worker Start (ms): Min: 7227.7, Avg: 7227.7, Max: 7227.8, Diff: 0.0]
      [Ext Root Scanning (ms): Min: 0.3, Avg: 0.7, Max: 1.5, Diff: 1.2, Sum: 3.0]
      [Update RS (ms): Min: 0.1, Avg: 0.9, Max: 1.2, Diff: 1.1, Sum: 3.4]
         [Processed Buffers: Min: 2, Avg: 3.5, Max: 5, Diff: 3, Sum: 14]
      [Scan RS (ms): Min: 0.1, Avg: 0.2, Max: 0.3, Diff: 0.2, Sum: 0.8]
      [Code Root Scanning (ms): Min: 0.0, Avg: 0.3, Max: 0.8, Diff: 0.8, Sum: 1.4]
      [Object Copy (ms): Min: 8.2, Avg: 8.8, Max: 9.2, Diff: 1.0, Sum: 35.1]
      [Termination (ms): Min: 0.0, Avg: 0.0, Max: 0.0, Diff: 0.0, Sum: 0.0]
         [Termination Attempts: Min: 1, Avg: 1.0, Max: 1, Diff: 0, Sum: 4]
      [GC Worker Other (ms): Min: 0.0, Avg: 0.0, Max: 0.0, Diff: 0.0, Sum: 0.1]
      [GC Worker Total (ms): Min: 10.9, Avg: 10.9, Max: 11.0, Diff: 0.0, Sum: 43.8]
      [GC Worker End (ms): Min: 7238.7, Avg: 7238.7, Max: 7238.7, Diff: 0.0]
   [Code Root Fixup: 0.2 ms]
   [Code Root Purge: 0.0 ms]
   [Clear CT: 0.1 ms]
   [Other: 1.3 ms]
      [Choose CSet: 0.0 ms]
      [Ref Proc: 1.1 ms]
      [Ref Enq: 0.0 ms]
      [Redirty Cards: 0.1 ms]
      [Humongous Register: 0.0 ms]
      [Humongous Reclaim: 0.0 ms]
      [Free CSet: 0.1 ms]
   [Eden: 66.0M(66.0M)->0.0B(67.0M) Survivors: 10.0M->9216.0K Heap: 80.7M(128.0M)->17.3M(128.0M)]
 [Times: user=0.04 sys=0.00, real=0.01 secs] 
2019-10-12T10:46:55.486-0800: 7.761: [GC pause (G1 Evacuation Pause) (young), 0.0122451 secs]
   [Parallel Time: 10.6 ms, GC Workers: 4]
      [GC Worker Start (ms): Min: 7760.6, Avg: 7760.6, Max: 7760.6, Diff: 0.0]
      [Ext Root Scanning (ms): Min: 0.4, Avg: 1.1, Max: 3.1, Diff: 2.7, Sum: 4.4]
      [Update RS (ms): Min: 0.0, Avg: 1.1, Max: 1.7, Diff: 1.7, Sum: 4.4]
         [Processed Buffers: Min: 0, Avg: 4.0, Max: 7, Diff: 7, Sum: 16]
      [Scan RS (ms): Min: 0.0, Avg: 0.1, Max: 0.3, Diff: 0.3, Sum: 0.5]
      [Code Root Scanning (ms): Min: 0.0, Avg: 0.1, Max: 0.3, Diff: 0.3, Sum: 0.3]
      [Object Copy (ms): Min: 7.4, Avg: 8.1, Max: 8.4, Diff: 1.0, Sum: 32.5]
      [Termination (ms): Min: 0.0, Avg: 0.0, Max: 0.0, Diff: 0.0, Sum: 0.0]
         [Termination Attempts: Min: 1, Avg: 1.0, Max: 1, Diff: 0, Sum: 4]
      [GC Worker Other (ms): Min: 0.0, Avg: 0.0, Max: 0.0, Diff: 0.0, Sum: 0.1]
      [GC Worker Total (ms): Min: 10.5, Avg: 10.6, Max: 10.6, Diff: 0.1, Sum: 42.2]
      [GC Worker End (ms): Min: 7771.2, Avg: 7771.2, Max: 7771.2, Diff: 0.0]
   [Code Root Fixup: 0.1 ms]
   [Code Root Purge: 0.0 ms]
   [Clear CT: 0.2 ms]
   [Other: 1.4 ms]
      [Choose CSet: 0.0 ms]
      [Ref Proc: 1.2 ms]
      [Ref Enq: 0.0 ms]
      [Redirty Cards: 0.0 ms]
      [Humongous Register: 0.0 ms]
      [Humongous Reclaim: 0.0 ms]
      [Free CSet: 0.0 ms]
   [Eden: 67.0M(67.0M)->0.0B(67.0M) Survivors: 9216.0K->9216.0K Heap: 84.3M(128.0M)->20.0M(128.0M)]
 [Times: user=0.03 sys=0.00, real=0.01 secs] 
2019-10-12T10:46:56.090-0800: 8.364: [GC pause (G1 Evacuation Pause) (young), 0.0217939 secs]
   [Parallel Time: 19.6 ms, GC Workers: 4]
      [GC Worker Start (ms): Min: 8364.3, Avg: 8364.3, Max: 8364.3, Diff: 0.0]
      [Ext Root Scanning (ms): Min: 0.3, Avg: 0.8, Max: 1.4, Diff: 1.1, Sum: 3.1]
      [Update RS (ms): Min: 1.6, Avg: 1.8, Max: 2.2, Diff: 0.6, Sum: 7.4]
         [Processed Buffers: Min: 2, Avg: 4.2, Max: 8, Diff: 6, Sum: 17]
      [Scan RS (ms): Min: 0.0, Avg: 0.3, Max: 0.6, Diff: 0.6, Sum: 1.3]
      [Code Root Scanning (ms): Min: 0.0, Avg: 2.1, Max: 8.1, Diff: 8.1, Sum: 8.2]
      [Object Copy (ms): Min: 7.6, Avg: 14.0, Max: 16.9, Diff: 9.3, Sum: 56.2]
      [Termination (ms): Min: 0.0, Avg: 0.2, Max: 0.5, Diff: 0.5, Sum: 0.7]
         [Termination Attempts: Min: 1, Avg: 1.5, Max: 3, Diff: 2, Sum: 6]
      [GC Worker Other (ms): Min: 0.0, Avg: 0.0, Max: 0.0, Diff: 0.0, Sum: 0.0]
      [GC Worker Total (ms): Min: 19.1, Avg: 19.2, Max: 19.5, Diff: 0.4, Sum: 76.8]
      [GC Worker End (ms): Min: 8383.4, Avg: 8383.5, Max: 8383.8, Diff: 0.4]
   [Code Root Fixup: 0.1 ms]
   [Code Root Purge: 0.0 ms]
   [Clear CT: 0.1 ms]
   [Other: 1.9 ms]
      [Choose CSet: 0.0 ms]
      [Ref Proc: 1.7 ms]
      [Ref Enq: 0.0 ms]
      [Redirty Cards: 0.1 ms]
      [Humongous Register: 0.0 ms]
      [Humongous Reclaim: 0.0 ms]
      [Free CSet: 0.0 ms]
   [Eden: 67.0M(67.0M)->0.0B(66.0M) Survivors: 9216.0K->10.0M Heap: 87.0M(128.0M)->23.5M(128.0M)]
 [Times: user=0.04 sys=0.00, real=0.02 secs] 
2019-10-12T10:46:56.278-0800: 8.553: [GC pause (Metadata GC Threshold) (young) (initial-mark), 0.0134938 secs]
   [Parallel Time: 12.4 ms, GC Workers: 4]
      [GC Worker Start (ms): Min: 8552.6, Avg: 8552.6, Max: 8552.7, Diff: 0.0]
      [Ext Root Scanning (ms): Min: 1.0, Avg: 1.1, Max: 1.2, Diff: 0.3, Sum: 4.3]
      [Update RS (ms): Min: 1.2, Avg: 1.5, Max: 1.8, Diff: 0.6, Sum: 6.2]
         [Processed Buffers: Min: 2, Avg: 3.8, Max: 5, Diff: 3, Sum: 15]
      [Scan RS (ms): Min: 0.6, Avg: 0.9, Max: 1.2, Diff: 0.5, Sum: 3.5]
      [Code Root Scanning (ms): Min: 0.0, Avg: 0.1, Max: 0.4, Diff: 0.4, Sum: 0.6]
      [Object Copy (ms): Min: 8.2, Avg: 8.3, Max: 8.6, Diff: 0.4, Sum: 33.3]
      [Termination (ms): Min: 0.0, Avg: 0.1, Max: 0.3, Diff: 0.3, Sum: 0.6]
         [Termination Attempts: Min: 1, Avg: 1.0, Max: 1, Diff: 0, Sum: 4]
      [GC Worker Other (ms): Min: 0.0, Avg: 0.0, Max: 0.0, Diff: 0.0, Sum: 0.1]
      [GC Worker Total (ms): Min: 12.0, Avg: 12.1, Max: 12.3, Diff: 0.2, Sum: 48.5]
      [GC Worker End (ms): Min: 8564.7, Avg: 8564.8, Max: 8565.0, Diff: 0.3]
   [Code Root Fixup: 0.1 ms]
   [Code Root Purge: 0.0 ms]
   [Clear CT: 0.0 ms]
   [Other: 0.9 ms]
      [Choose CSet: 0.0 ms]
      [Ref Proc: 0.7 ms]
      [Ref Enq: 0.0 ms]
      [Redirty Cards: 0.1 ms]
      [Humongous Register: 0.0 ms]
      [Humongous Reclaim: 0.0 ms]
      [Free CSet: 0.0 ms]
   [Eden: 19.0M(66.0M)->0.0B(70.0M) Survivors: 10.0M->6144.0K Heap: 42.0M(128.0M)->22.9M(128.0M)]
 [Times: user=0.03 sys=0.00, real=0.02 secs] 
2019-10-12T10:46:56.292-0800: 8.566: [GC concurrent-root-region-scan-start]
2019-10-12T10:46:56.298-0800: 8.572: [GC concurrent-root-region-scan-end, 0.0059456 secs]
2019-10-12T10:46:56.298-0800: 8.572: [GC concurrent-mark-start]
2019-10-12T10:46:56.334-0800: 8.608: [GC concurrent-mark-end, 0.0361782 secs]
2019-10-12T10:46:56.334-0800: 8.608: [GC remark 2019-10-12T10:46:56.334-0800: 8.608: [Finalize Marking, 0.0001093 secs] 2019-10-12T10:46:56.334-0800: 8.609: [GC ref-proc, 0.0010412 secs] 2019-10-12T10:46:56.335-0800: 8.610: [Unloading, 0.0078174 secs], 0.0095443 secs]
 [Times: user=0.03 sys=0.01, real=0.01 secs] 
2019-10-12T10:46:56.344-0800: 8.618: [GC cleanup 27M->27M(128M), 0.0003826 secs]
 [Times: user=0.00 sys=0.00, real=0.00 secs] 
2019-10-12T10:46:56.844-0800: 9.119: [GC pause (G1 Evacuation Pause) (young), 0.0125733 secs]
   [Parallel Time: 11.0 ms, GC Workers: 4]
      [GC Worker Start (ms): Min: 9118.7, Avg: 9118.7, Max: 9118.8, Diff: 0.1]
      [Ext Root Scanning (ms): Min: 0.4, Avg: 0.8, Max: 1.4, Diff: 1.0, Sum: 3.1]
      [Update RS (ms): Min: 1.4, Avg: 1.8, Max: 2.0, Diff: 0.5, Sum: 7.3]
         [Processed Buffers: Min: 4, Avg: 5.2, Max: 8, Diff: 4, Sum: 21]
      [Scan RS (ms): Min: 0.4, Avg: 0.5, Max: 0.5, Diff: 0.1, Sum: 2.0]
      [Code Root Scanning (ms): Min: 0.0, Avg: 0.1, Max: 0.2, Diff: 0.2, Sum: 0.5]
      [Object Copy (ms): Min: 7.1, Avg: 7.3, Max: 7.7, Diff: 0.6, Sum: 29.3]
      [Termination (ms): Min: 0.0, Avg: 0.1, Max: 0.3, Diff: 0.3, Sum: 0.5]
         [Termination Attempts: Min: 1, Avg: 1.0, Max: 1, Diff: 0, Sum: 4]
      [GC Worker Other (ms): Min: 0.0, Avg: 0.0, Max: 0.0, Diff: 0.0, Sum: 0.0]
      [GC Worker Total (ms): Min: 10.6, Avg: 10.7, Max: 10.9, Diff: 0.3, Sum: 42.7]
      [GC Worker End (ms): Min: 9129.3, Avg: 9129.4, Max: 9129.6, Diff: 0.2]
   [Code Root Fixup: 0.1 ms]
   [Code Root Purge: 0.0 ms]
   [Clear CT: 0.1 ms]
   [Other: 1.4 ms]
      [Choose CSet: 0.0 ms]
      [Ref Proc: 1.2 ms]
      [Ref Enq: 0.0 ms]
      [Redirty Cards: 0.0 ms]
      [Humongous Register: 0.0 ms]
      [Humongous Reclaim: 0.0 ms]
      [Free CSet: 0.0 ms]
   [Eden: 70.0M(70.0M)->0.0B(68.0M) Survivors: 6144.0K->8192.0K Heap: 92.9M(128.0M)->25.4M(128.0M)]
 [Times: user=0.03 sys=0.00, real=0.01 secs] 
2019-10-12T10:46:57.375-0800: 9.650: [GC pause (G1 Evacuation Pause) (young), 0.0133945 secs]
   [Parallel Time: 11.9 ms, GC Workers: 4]
      [GC Worker Start (ms): Min: 9649.6, Avg: 9649.6, Max: 9649.6, Diff: 0.1]
      [Ext Root Scanning (ms): Min: 0.4, Avg: 0.9, Max: 1.6, Diff: 1.3, Sum: 3.6]
      [Update RS (ms): Min: 1.4, Avg: 1.5, Max: 1.6, Diff: 0.3, Sum: 6.1]
         [Processed Buffers: Min: 4, Avg: 5.0, Max: 6, Diff: 2, Sum: 20]
      [Scan RS (ms): Min: 0.0, Avg: 0.1, Max: 0.2, Diff: 0.2, Sum: 0.5]
      [Code Root Scanning (ms): Min: 0.0, Avg: 0.1, Max: 0.3, Diff: 0.3, Sum: 0.4]
      [Object Copy (ms): Min: 8.7, Avg: 9.0, Max: 9.2, Diff: 0.5, Sum: 36.0]
      [Termination (ms): Min: 0.0, Avg: 0.1, Max: 0.1, Diff: 0.1, Sum: 0.3]
         [Termination Attempts: Min: 1, Avg: 1.0, Max: 1, Diff: 0, Sum: 4]
      [GC Worker Other (ms): Min: 0.0, Avg: 0.0, Max: 0.0, Diff: 0.0, Sum: 0.0]
      [GC Worker Total (ms): Min: 11.7, Avg: 11.7, Max: 11.8, Diff: 0.1, Sum: 47.0]
      [GC Worker End (ms): Min: 9661.3, Avg: 9661.3, Max: 9661.3, Diff: 0.0]
   [Code Root Fixup: 0.1 ms]
   [Code Root Purge: 0.0 ms]
   [Clear CT: 0.1 ms]
   [Other: 1.3 ms]
      [Choose CSet: 0.0 ms]
      [Ref Proc: 1.1 ms]
      [Ref Enq: 0.0 ms]
      [Redirty Cards: 0.1 ms]
      [Humongous Register: 0.0 ms]
      [Humongous Reclaim: 0.0 ms]
      [Free CSet: 0.0 ms]
   [Eden: 68.0M(68.0M)->0.0B(67.0M) Survivors: 8192.0K->9216.0K Heap: 93.4M(128.0M)->27.6M(128.0M)]
 [Times: user=0.04 sys=0.00, real=0.01 secs] 
2019-10-12T10:46:57.807-0800: 10.081: [GC pause (G1 Evacuation Pause) (young), 0.0144325 secs]
   [Parallel Time: 13.3 ms, GC Workers: 4]
      [GC Worker Start (ms): Min: 10081.1, Avg: 10081.2, Max: 10081.3, Diff: 0.2]
      [Ext Root Scanning (ms): Min: 0.4, Avg: 1.1, Max: 1.9, Diff: 1.5, Sum: 4.6]
      [Update RS (ms): Min: 1.2, Avg: 1.9, Max: 2.5, Diff: 1.3, Sum: 7.7]
         [Processed Buffers: Min: 3, Avg: 5.2, Max: 8, Diff: 5, Sum: 21]
      [Scan RS (ms): Min: 0.4, Avg: 0.5, Max: 0.7, Diff: 0.3, Sum: 2.2]
      [Code Root Scanning (ms): Min: 0.0, Avg: 0.1, Max: 0.4, Diff: 0.4, Sum: 0.6]
      [Object Copy (ms): Min: 9.1, Avg: 9.4, Max: 9.7, Diff: 0.6, Sum: 37.5]
      [Termination (ms): Min: 0.0, Avg: 0.0, Max: 0.0, Diff: 0.0, Sum: 0.0]
         [Termination Attempts: Min: 1, Avg: 1.0, Max: 1, Diff: 0, Sum: 4]
      [GC Worker Other (ms): Min: 0.0, Avg: 0.0, Max: 0.0, Diff: 0.0, Sum: 0.1]
      [GC Worker Total (ms): Min: 13.0, Avg: 13.1, Max: 13.2, Diff: 0.2, Sum: 52.6]
      [GC Worker End (ms): Min: 10094.4, Avg: 10094.4, Max: 10094.4, Diff: 0.0]
   [Code Root Fixup: 0.1 ms]
   [Code Root Purge: 0.0 ms]
   [Clear CT: 0.1 ms]
   [Other: 0.9 ms]
      [Choose CSet: 0.0 ms]
      [Ref Proc: 0.8 ms]
      [Ref Enq: 0.0 ms]
      [Redirty Cards: 0.0 ms]
      [Humongous Register: 0.0 ms]
      [Humongous Reclaim: 0.0 ms]
      [Free CSet: 0.1 ms]
   [Eden: 67.0M(67.0M)->0.0B(68.0M) Survivors: 9216.0K->8192.0K Heap: 94.6M(128.0M)->29.8M(128.0M)]
 [Times: user=0.05 sys=0.00, real=0.02 secs] 
2019-10-12T10:46:58.266-0800: 10.540: [GC pause (G1 Evacuation Pause) (young), 0.0157380 secs]
   [Parallel Time: 13.3 ms, GC Workers: 4]
      [GC Worker Start (ms): Min: 10540.1, Avg: 10540.6, Max: 10542.1, Diff: 1.9]
      [Ext Root Scanning (ms): Min: 0.0, Avg: 0.8, Max: 1.6, Diff: 1.6, Sum: 3.2]
      [Update RS (ms): Min: 2.1, Avg: 2.3, Max: 2.5, Diff: 0.5, Sum: 9.1]
         [Processed Buffers: Min: 4, Avg: 5.8, Max: 7, Diff: 3, Sum: 23]
      [Scan RS (ms): Min: 0.4, Avg: 0.5, Max: 0.7, Diff: 0.4, Sum: 2.1]
      [Code Root Scanning (ms): Min: 0.0, Avg: 0.2, Max: 0.4, Diff: 0.4, Sum: 0.8]
      [Object Copy (ms): Min: 8.6, Avg: 9.0, Max: 9.5, Diff: 0.9, Sum: 36.0]
      [Termination (ms): Min: 0.0, Avg: 0.0, Max: 0.0, Diff: 0.0, Sum: 0.0]
         [Termination Attempts: Min: 1, Avg: 1.0, Max: 1, Diff: 0, Sum: 4]
      [GC Worker Other (ms): Min: 0.0, Avg: 0.0, Max: 0.0, Diff: 0.0, Sum: 0.1]
      [GC Worker Total (ms): Min: 11.3, Avg: 12.8, Max: 13.3, Diff: 1.9, Sum: 51.2]
      [GC Worker End (ms): Min: 10553.4, Avg: 10553.4, Max: 10553.4, Diff: 0.0]
   [Code Root Fixup: 0.2 ms]
   [Code Root Purge: 0.0 ms]
   [Clear CT: 0.1 ms]
   [Other: 2.1 ms]
      [Choose CSet: 0.0 ms]
      [Ref Proc: 1.9 ms]
      [Ref Enq: 0.0 ms]
      [Redirty Cards: 0.1 ms]
      [Humongous Register: 0.0 ms]
      [Humongous Reclaim: 0.0 ms]
      [Free CSet: 0.1 ms]
   [Eden: 68.0M(68.0M)->0.0B(66.0M) Survivors: 8192.0K->10.0M Heap: 97.8M(128.0M)->38.4M(128.0M)]
 [Times: user=0.05 sys=0.01, real=0.02 secs] 
2019-10-12T10:46:58.886-0800: 11.161: [GC pause (G1 Evacuation Pause) (young), 0.0152615 secs]
   [Parallel Time: 13.6 ms, GC Workers: 4]
      [GC Worker Start (ms): Min: 11160.6, Avg: 11160.6, Max: 11160.6, Diff: 0.0]
      [Ext Root Scanning (ms): Min: 0.5, Avg: 2.1, Max: 5.7, Diff: 5.2, Sum: 8.6]
      [Update RS (ms): Min: 0.0, Avg: 1.8, Max: 2.5, Diff: 2.5, Sum: 7.0]
         [Processed Buffers: Min: 0, Avg: 5.8, Max: 11, Diff: 11, Sum: 23]
      [Scan RS (ms): Min: 0.0, Avg: 0.7, Max: 1.3, Diff: 1.3, Sum: 2.8]
      [Code Root Scanning (ms): Min: 0.0, Avg: 0.5, Max: 1.6, Diff: 1.6, Sum: 1.8]
      [Object Copy (ms): Min: 7.7, Avg: 8.4, Max: 9.2, Diff: 1.5, Sum: 33.7]
      [Termination (ms): Min: 0.0, Avg: 0.0, Max: 0.0, Diff: 0.0, Sum: 0.0]
         [Termination Attempts: Min: 1, Avg: 1.2, Max: 2, Diff: 1, Sum: 5]
      [GC Worker Other (ms): Min: 0.0, Avg: 0.0, Max: 0.0, Diff: 0.0, Sum: 0.0]
      [GC Worker Total (ms): Min: 13.5, Avg: 13.5, Max: 13.5, Diff: 0.0, Sum: 54.0]
      [GC Worker End (ms): Min: 11174.1, Avg: 11174.1, Max: 11174.1, Diff: 0.0]
   [Code Root Fixup: 0.1 ms]
   [Code Root Purge: 0.0 ms]
   [Clear CT: 0.1 ms]
   [Other: 1.5 ms]
      [Choose CSet: 0.0 ms]
      [Ref Proc: 1.1 ms]
      [Ref Enq: 0.0 ms]
      [Redirty Cards: 0.2 ms]
      [Humongous Register: 0.0 ms]
      [Humongous Reclaim: 0.0 ms]
      [Free CSet: 0.1 ms]
   [Eden: 66.0M(66.0M)->0.0B(62.0M) Survivors: 10.0M->10.0M Heap: 104.4M(128.0M)->42.5M(128.0M)]
 [Times: user=0.05 sys=0.00, real=0.02 secs] 
2019-10-12T10:46:59.428-0800: 11.703: [GC pause (G1 Evacuation Pause) (young), 0.0145942 secs]
   [Parallel Time: 12.8 ms, GC Workers: 4]
      [GC Worker Start (ms): Min: 11702.7, Avg: 11702.8, Max: 11702.8, Diff: 0.1]
      [Ext Root Scanning (ms): Min: 0.7, Avg: 0.9, Max: 1.5, Diff: 0.7, Sum: 3.8]
      [Update RS (ms): Min: 2.8, Avg: 3.3, Max: 4.2, Diff: 1.4, Sum: 13.4]
         [Processed Buffers: Min: 5, Avg: 6.5, Max: 8, Diff: 3, Sum: 26]
      [Scan RS (ms): Min: 0.0, Avg: 0.5, Max: 0.8, Diff: 0.8, Sum: 1.8]
      [Code Root Scanning (ms): Min: 0.0, Avg: 0.1, Max: 0.2, Diff: 0.2, Sum: 0.2]
      [Object Copy (ms): Min: 7.1, Avg: 7.9, Max: 8.2, Diff: 1.2, Sum: 31.7]
      [Termination (ms): Min: 0.0, Avg: 0.0, Max: 0.0, Diff: 0.0, Sum: 0.0]
         [Termination Attempts: Min: 1, Avg: 1.0, Max: 1, Diff: 0, Sum: 4]
      [GC Worker Other (ms): Min: 0.0, Avg: 0.0, Max: 0.0, Diff: 0.0, Sum: 0.1]
      [GC Worker Total (ms): Min: 12.7, Avg: 12.8, Max: 12.8, Diff: 0.1, Sum: 51.1]
      [GC Worker End (ms): Min: 11715.5, Avg: 11715.5, Max: 11715.5, Diff: 0.0]
   [Code Root Fixup: 0.1 ms]
   [Code Root Purge: 0.0 ms]
   [Clear CT: 0.1 ms]
   [Other: 1.6 ms]
      [Choose CSet: 0.0 ms]
      [Ref Proc: 1.3 ms]
      [Ref Enq: 0.0 ms]
      [Redirty Cards: 0.1 ms]
      [Humongous Register: 0.0 ms]
      [Humongous Reclaim: 0.0 ms]
      [Free CSet: 0.0 ms]
   [Eden: 62.0M(62.0M)->0.0B(62.0M) Survivors: 10.0M->7168.0K Heap: 104.5M(128.0M)->45.5M(128.0M)]
 [Times: user=0.05 sys=0.01, real=0.02 secs] 
2019-10-12T10:46:59.836-0800: 12.111: [GC pause (G1 Evacuation Pause) (young), 0.0234390 secs]
   [Parallel Time: 21.6 ms, GC Workers: 4]
      [GC Worker Start (ms): Min: 12110.7, Avg: 12110.7, Max: 12110.7, Diff: 0.0]
      [Ext Root Scanning (ms): Min: 1.3, Avg: 3.0, Max: 7.3, Diff: 6.0, Sum: 12.1]
      [Update RS (ms): Min: 1.4, Avg: 5.5, Max: 7.1, Diff: 5.8, Sum: 22.2]
         [Processed Buffers: Min: 1, Avg: 7.2, Max: 12, Diff: 11, Sum: 29]
      [Scan RS (ms): Min: 0.0, Avg: 0.0, Max: 0.1, Diff: 0.1, Sum: 0.1]
      [Code Root Scanning (ms): Min: 0.0, Avg: 0.1, Max: 0.2, Diff: 0.2, Sum: 0.4]
      [Object Copy (ms): Min: 11.6, Avg: 11.8, Max: 12.3, Diff: 0.7, Sum: 47.2]
      [Termination (ms): Min: 0.0, Avg: 0.7, Max: 1.0, Diff: 1.0, Sum: 2.8]
         [Termination Attempts: Min: 1, Avg: 1.0, Max: 1, Diff: 0, Sum: 4]
      [GC Worker Other (ms): Min: 0.0, Avg: 0.0, Max: 0.0, Diff: 0.0, Sum: 0.1]
      [GC Worker Total (ms): Min: 20.6, Avg: 21.2, Max: 21.5, Diff: 0.8, Sum: 84.9]
      [GC Worker End (ms): Min: 12131.3, Avg: 12131.9, Max: 12132.2, Diff: 0.9]
   [Code Root Fixup: 0.1 ms]
   [Code Root Purge: 0.0 ms]
   [Clear CT: 0.1 ms]
   [Other: 1.6 ms]
      [Choose CSet: 0.0 ms]
      [Ref Proc: 1.1 ms]
      [Ref Enq: 0.0 ms]
      [Redirty Cards: 0.1 ms]
      [Humongous Register: 0.0 ms]
      [Humongous Reclaim: 0.0 ms]
      [Free CSet: 0.2 ms]
   [Eden: 62.0M(62.0M)->0.0B(64.0M) Survivors: 7168.0K->6144.0K Heap: 107.5M(128.0M)->45.0M(128.0M)]
 [Times: user=0.05 sys=0.00, real=0.03 secs] 
2019-10-12T10:47:00.278-0800: 12.552: [GC pause (G1 Evacuation Pause) (young), 0.0166542 secs]
   [Parallel Time: 12.5 ms, GC Workers: 4]
      [GC Worker Start (ms): Min: 12552.2, Avg: 12552.2, Max: 12552.2, Diff: 0.0]
      [Ext Root Scanning (ms): Min: 0.7, Avg: 1.0, Max: 1.4, Diff: 0.7, Sum: 4.0]
      [Update RS (ms): Min: 1.3, Avg: 1.5, Max: 1.9, Diff: 0.7, Sum: 6.0]
         [Processed Buffers: Min: 2, Avg: 4.2, Max: 7, Diff: 5, Sum: 17]
      [Scan RS (ms): Min: 0.0, Avg: 0.0, Max: 0.0, Diff: 0.0, Sum: 0.0]
      [Code Root Scanning (ms): Min: 0.0, Avg: 0.1, Max: 0.2, Diff: 0.2, Sum: 0.6]
      [Object Copy (ms): Min: 9.4, Avg: 9.7, Max: 9.8, Diff: 0.4, Sum: 38.6]
      [Termination (ms): Min: 0.0, Avg: 0.0, Max: 0.0, Diff: 0.0, Sum: 0.0]
         [Termination Attempts: Min: 1, Avg: 1.0, Max: 1, Diff: 0, Sum: 4]
      [GC Worker Other (ms): Min: 0.0, Avg: 0.0, Max: 0.1, Diff: 0.0, Sum: 0.2]
      [GC Worker Total (ms): Min: 12.3, Avg: 12.4, Max: 12.4, Diff: 0.1, Sum: 49.4]
      [GC Worker End (ms): Min: 12564.6, Avg: 12564.6, Max: 12564.6, Diff: 0.0]
   [Code Root Fixup: 0.1 ms]
   [Code Root Purge: 0.0 ms]
   [Clear CT: 0.1 ms]
   [Other: 3.9 ms]
      [Choose CSet: 0.0 ms]
      [Ref Proc: 3.7 ms]
      [Ref Enq: 0.1 ms]
      [Redirty Cards: 0.1 ms]
      [Humongous Register: 0.0 ms]
      [Humongous Reclaim: 0.0 ms]
      [Free CSet: 0.0 ms]
   [Eden: 64.0M(64.0M)->0.0B(48.0M) Survivors: 6144.0K->9216.0K Heap: 109.0M(128.0M)->57.3M(128.0M)]
 [Times: user=0.05 sys=0.00, real=0.02 secs] 
2019-10-12T10:47:00.750-0800: 13.025: [GC pause (G1 Evacuation Pause) (young), 0.0146059 secs]
   [Parallel Time: 13.1 ms, GC Workers: 4]
      [GC Worker Start (ms): Min: 13024.9, Avg: 13025.0, Max: 13025.0, Diff: 0.0]
      [Ext Root Scanning (ms): Min: 0.8, Avg: 1.1, Max: 1.5, Diff: 0.8, Sum: 4.6]
      [Update RS (ms): Min: 3.7, Avg: 3.7, Max: 3.9, Diff: 0.2, Sum: 15.0]
         [Processed Buffers: Min: 7, Avg: 8.0, Max: 10, Diff: 3, Sum: 32]
      [Scan RS (ms): Min: 0.0, Avg: 0.0, Max: 0.0, Diff: 0.0, Sum: 0.0]
      [Code Root Scanning (ms): Min: 0.0, Avg: 0.1, Max: 0.2, Diff: 0.2, Sum: 0.4]
      [Object Copy (ms): Min: 7.6, Avg: 8.1, Max: 8.4, Diff: 0.7, Sum: 32.2]
      [Termination (ms): Min: 0.0, Avg: 0.0, Max: 0.0, Diff: 0.0, Sum: 0.0]
         [Termination Attempts: Min: 1, Avg: 5.5, Max: 10, Diff: 9, Sum: 22]
      [GC Worker Other (ms): Min: 0.0, Avg: 0.0, Max: 0.0, Diff: 0.0, Sum: 0.1]
      [GC Worker Total (ms): Min: 13.1, Avg: 13.1, Max: 13.1, Diff: 0.0, Sum: 52.4]
      [GC Worker End (ms): Min: 13038.0, Avg: 13038.0, Max: 13038.1, Diff: 0.0]
   [Code Root Fixup: 0.1 ms]
   [Code Root Purge: 0.0 ms]
   [Clear CT: 0.1 ms]
   [Other: 1.3 ms]
      [Choose CSet: 0.0 ms]
      [Ref Proc: 1.1 ms]
      [Ref Enq: 0.0 ms]
      [Redirty Cards: 0.1 ms]
      [Humongous Register: 0.0 ms]
      [Humongous Reclaim: 0.0 ms]
      [Free CSet: 0.0 ms]
   [Eden: 48.0M(48.0M)->0.0B(50.0M) Survivors: 9216.0K->6144.0K Heap: 105.3M(128.0M)->59.0M(128.0M)]
 [Times: user=0.05 sys=0.00, real=0.01 secs] 
2019-10-12T10:47:00.952-0800: 13.226: [GC pause (G1 Evacuation Pause) (young), 0.0109454 secs]
   [Parallel Time: 9.7 ms, GC Workers: 4]
      [GC Worker Start (ms): Min: 13226.5, Avg: 13226.5, Max: 13226.5, Diff: 0.0]
      [Ext Root Scanning (ms): Min: 0.6, Avg: 0.9, Max: 1.2, Diff: 0.6, Sum: 3.4]
      [Update RS (ms): Min: 2.8, Avg: 3.1, Max: 3.4, Diff: 0.6, Sum: 12.4]
         [Processed Buffers: Min: 5, Avg: 6.5, Max: 9, Diff: 4, Sum: 26]
      [Scan RS (ms): Min: 0.4, Avg: 0.6, Max: 0.6, Diff: 0.3, Sum: 2.3]
      [Code Root Scanning (ms): Min: 0.0, Avg: 0.1, Max: 0.3, Diff: 0.3, Sum: 0.5]
      [Object Copy (ms): Min: 4.3, Avg: 4.5, Max: 4.6, Diff: 0.3, Sum: 17.8]
      [Termination (ms): Min: 0.0, Avg: 0.0, Max: 0.0, Diff: 0.0, Sum: 0.0]
         [Termination Attempts: Min: 1, Avg: 1.2, Max: 2, Diff: 1, Sum: 5]
      [GC Worker Other (ms): Min: 0.0, Avg: 0.1, Max: 0.4, Diff: 0.4, Sum: 0.5]
      [GC Worker Total (ms): Min: 9.1, Avg: 9.2, Max: 9.5, Diff: 0.4, Sum: 36.9]
      [GC Worker End (ms): Min: 13235.6, Avg: 13235.7, Max: 13236.0, Diff: 0.4]
   [Code Root Fixup: 0.1 ms]
   [Code Root Purge: 0.0 ms]
   [Clear CT: 0.1 ms]
   [Other: 1.0 ms]
      [Choose CSet: 0.0 ms]
      [Ref Proc: 0.9 ms]
      [Ref Enq: 0.0 ms]
      [Redirty Cards: 0.1 ms]
      [Humongous Register: 0.0 ms]
      [Humongous Reclaim: 0.0 ms]
      [Free CSet: 0.0 ms]
   [Eden: 50.0M(50.0M)->0.0B(52.0M) Survivors: 6144.0K->3072.0K Heap: 109.0M(128.0M)->59.5M(128.0M)]
 [Times: user=0.03 sys=0.00, real=0.01 secs] 
2019-10-12T10:47:01.109-0800: 13.383: [GC pause (G1 Evacuation Pause) (young), 0.0083374 secs]
   [Parallel Time: 7.2 ms, GC Workers: 4]
      [GC Worker Start (ms): Min: 13383.1, Avg: 13383.1, Max: 13383.1, Diff: 0.0]
      [Ext Root Scanning (ms): Min: 0.6, Avg: 0.8, Max: 1.1, Diff: 0.4, Sum: 3.2]
      [Update RS (ms): Min: 3.9, Avg: 4.1, Max: 4.3, Diff: 0.4, Sum: 16.5]
         [Processed Buffers: Min: 6, Avg: 9.0, Max: 12, Diff: 6, Sum: 36]
      [Scan RS (ms): Min: 0.0, Avg: 0.0, Max: 0.0, Diff: 0.0, Sum: 0.0]
      [Code Root Scanning (ms): Min: 0.0, Avg: 0.2, Max: 0.4, Diff: 0.4, Sum: 0.9]
      [Object Copy (ms): Min: 1.6, Avg: 1.9, Max: 2.1, Diff: 0.5, Sum: 7.6]
      [Termination (ms): Min: 0.0, Avg: 0.0, Max: 0.0, Diff: 0.0, Sum: 0.0]
         [Termination Attempts: Min: 1, Avg: 1.0, Max: 1, Diff: 0, Sum: 4]
      [GC Worker Other (ms): Min: 0.0, Avg: 0.0, Max: 0.0, Diff: 0.0, Sum: 0.1]
      [GC Worker Total (ms): Min: 7.1, Avg: 7.1, Max: 7.1, Diff: 0.0, Sum: 28.3]
      [GC Worker End (ms): Min: 13390.2, Avg: 13390.2, Max: 13390.2, Diff: 0.0]
   [Code Root Fixup: 0.1 ms]
   [Code Root Purge: 0.0 ms]
   [Clear CT: 0.1 ms]
   [Other: 1.0 ms]
      [Choose CSet: 0.0 ms]
      [Ref Proc: 0.7 ms]
      [Ref Enq: 0.0 ms]
      [Redirty Cards: 0.1 ms]
      [Humongous Register: 0.0 ms]
      [Humongous Reclaim: 0.0 ms]
      [Free CSet: 0.0 ms]
   [Eden: 52.0M(52.0M)->0.0B(50.0M) Survivors: 3072.0K->4096.0K Heap: 111.5M(128.0M)->60.5M(128.0M)]
 [Times: user=0.03 sys=0.00, real=0.01 secs] 
2019-10-12T10:47:01.345-0800: 13.620: [GC pause (G1 Evacuation Pause) (young), 0.0064454 secs]
   [Parallel Time: 5.2 ms, GC Workers: 4]
      [GC Worker Start (ms): Min: 13619.6, Avg: 13619.6, Max: 13619.7, Diff: 0.0]
      [Ext Root Scanning (ms): Min: 0.5, Avg: 0.7, Max: 1.1, Diff: 0.6, Sum: 2.9]
      [Update RS (ms): Min: 0.6, Avg: 1.0, Max: 1.2, Diff: 0.6, Sum: 4.0]
         [Processed Buffers: Min: 2, Avg: 3.2, Max: 4, Diff: 2, Sum: 13]
      [Scan RS (ms): Min: 0.0, Avg: 0.0, Max: 0.0, Diff: 0.0, Sum: 0.0]
      [Code Root Scanning (ms): Min: 0.0, Avg: 0.1, Max: 0.2, Diff: 0.2, Sum: 0.4]
      [Object Copy (ms): Min: 2.9, Avg: 3.1, Max: 3.2, Diff: 0.2, Sum: 12.4]
      [Termination (ms): Min: 0.0, Avg: 0.0, Max: 0.0, Diff: 0.0, Sum: 0.0]
         [Termination Attempts: Min: 1, Avg: 1.0, Max: 1, Diff: 0, Sum: 4]
      [GC Worker Other (ms): Min: 0.0, Avg: 0.1, Max: 0.1, Diff: 0.1, Sum: 0.2]
      [GC Worker Total (ms): Min: 5.0, Avg: 5.0, Max: 5.1, Diff: 0.1, Sum: 20.0]
      [GC Worker End (ms): Min: 13624.6, Avg: 13624.7, Max: 13624.7, Diff: 0.1]
   [Code Root Fixup: 0.1 ms]
   [Code Root Purge: 0.0 ms]
   [Clear CT: 0.1 ms]
   [Other: 1.0 ms]
      [Choose CSet: 0.0 ms]
      [Ref Proc: 0.9 ms]
      [Ref Enq: 0.0 ms]
      [Redirty Cards: 0.1 ms]
      [Humongous Register: 0.0 ms]
      [Humongous Reclaim: 0.0 ms]
      [Free CSet: 0.0 ms]
   [Eden: 50.0M(50.0M)->0.0B(48.0M) Survivors: 4096.0K->5120.0K Heap: 110.5M(128.0M)->61.5M(128.0M)]
 [Times: user=0.02 sys=0.00, real=0.01 secs] 
2019-10-12T10:47:01.603-0800: 13.878: [GC pause (G1 Evacuation Pause) (young), 0.0084163 secs]
   [Parallel Time: 7.2 ms, GC Workers: 4]
      [GC Worker Start (ms): Min: 13878.0, Avg: 13878.0, Max: 13878.0, Diff: 0.0]
      [Ext Root Scanning (ms): Min: 0.5, Avg: 0.8, Max: 1.2, Diff: 0.6, Sum: 3.0]
      [Update RS (ms): Min: 1.2, Avg: 1.5, Max: 1.7, Diff: 0.5, Sum: 5.9]
         [Processed Buffers: Min: 3, Avg: 4.0, Max: 7, Diff: 4, Sum: 16]
      [Scan RS (ms): Min: 0.0, Avg: 0.0, Max: 0.0, Diff: 0.0, Sum: 0.0]
      [Code Root Scanning (ms): Min: 0.0, Avg: 0.1, Max: 0.4, Diff: 0.4, Sum: 0.4]
      [Object Copy (ms): Min: 4.4, Avg: 4.6, Max: 4.7, Diff: 0.3, Sum: 18.3]
      [Termination (ms): Min: 0.0, Avg: 0.0, Max: 0.0, Diff: 0.0, Sum: 0.0]
         [Termination Attempts: Min: 1, Avg: 2.0, Max: 3, Diff: 2, Sum: 8]
      [GC Worker Other (ms): Min: 0.0, Avg: 0.0, Max: 0.1, Diff: 0.1, Sum: 0.2]
      [GC Worker Total (ms): Min: 6.9, Avg: 7.0, Max: 7.1, Diff: 0.1, Sum: 27.9]
      [GC Worker End (ms): Min: 13885.0, Avg: 13885.0, Max: 13885.0, Diff: 0.1]
   [Code Root Fixup: 0.1 ms]
   [Code Root Purge: 0.0 ms]
   [Clear CT: 0.1 ms]
   [Other: 1.0 ms]
      [Choose CSet: 0.0 ms]
      [Ref Proc: 0.8 ms]
      [Ref Enq: 0.0 ms]
      [Redirty Cards: 0.1 ms]
      [Humongous Register: 0.0 ms]
      [Humongous Reclaim: 0.0 ms]
      [Free CSet: 0.0 ms]
   [Eden: 48.0M(48.0M)->0.0B(46.0M) Survivors: 5120.0K->6144.0K Heap: 109.5M(128.0M)->63.0M(128.0M)]
 [Times: user=0.03 sys=0.00, real=0.01 secs] 
2019-10-12T10:47:01.866-0800: 14.141: [GC pause (G1 Evacuation Pause) (young), 0.0306218 secs]
   [Parallel Time: 28.9 ms, GC Workers: 4]
      [GC Worker Start (ms): Min: 14140.6, Avg: 14145.8, Max: 14153.3, Diff: 12.8]
      [Ext Root Scanning (ms): Min: 0.0, Avg: 2.4, Max: 6.5, Diff: 6.5, Sum: 9.5]
      [Update RS (ms): Min: 0.0, Avg: 1.7, Max: 5.0, Diff: 5.0, Sum: 6.8]
         [Processed Buffers: Min: 0, Avg: 4.0, Max: 13, Diff: 13, Sum: 16]
      [Scan RS (ms): Min: 0.0, Avg: 0.0, Max: 0.0, Diff: 0.0, Sum: 0.0]
      [Code Root Scanning (ms): Min: 0.0, Avg: 5.5, Max: 17.5, Diff: 17.5, Sum: 22.2]
      [Object Copy (ms): Min: 1.8, Avg: 13.1, Max: 19.4, Diff: 17.6, Sum: 52.2]
      [Termination (ms): Min: 0.0, Avg: 0.6, Max: 1.1, Diff: 1.1, Sum: 2.6]
         [Termination Attempts: Min: 1, Avg: 1.5, Max: 3, Diff: 2, Sum: 6]
      [GC Worker Other (ms): Min: 0.0, Avg: 0.0, Max: 0.0, Diff: 0.0, Sum: 0.0]
      [GC Worker Total (ms): Min: 15.6, Avg: 23.3, Max: 28.8, Diff: 13.2, Sum: 93.3]
      [GC Worker End (ms): Min: 14168.9, Avg: 14169.2, Max: 14169.4, Diff: 0.4]
   [Code Root Fixup: 0.2 ms]
   [Code Root Purge: 0.0 ms]
   [Clear CT: 0.1 ms]
   [Other: 1.4 ms]
      [Choose CSet: 0.0 ms]
      [Ref Proc: 1.3 ms]
      [Ref Enq: 0.0 ms]
      [Redirty Cards: 0.1 ms]
      [Humongous Register: 0.0 ms]
      [Humongous Reclaim: 0.0 ms]
      [Free CSet: 0.0 ms]
   [Eden: 46.0M(46.0M)->0.0B(43.0M) Survivors: 6144.0K->7168.0K Heap: 109.0M(128.0M)->64.2M(128.0M)]
 [Times: user=0.04 sys=0.00, real=0.03 secs] 
2019-10-12T10:47:02.278-0800: 14.552: [GC pause (G1 Evacuation Pause) (young) (initial-mark), 0.0148990 secs]
   [Parallel Time: 13.4 ms, GC Workers: 4]
      [GC Worker Start (ms): Min: 14552.5, Avg: 14552.5, Max: 14552.5, Diff: 0.0]
      [Ext Root Scanning (ms): Min: 1.8, Avg: 2.0, Max: 2.1, Diff: 0.3, Sum: 7.8]
      [Update RS (ms): Min: 2.3, Avg: 2.5, Max: 2.7, Diff: 0.4, Sum: 10.0]
         [Processed Buffers: Min: 4, Avg: 5.2, Max: 7, Diff: 3, Sum: 21]
      [Scan RS (ms): Min: 0.0, Avg: 0.0, Max: 0.0, Diff: 0.0, Sum: 0.0]
      [Code Root Scanning (ms): Min: 0.0, Avg: 0.1, Max: 0.4, Diff: 0.4, Sum: 0.4]
      [Object Copy (ms): Min: 8.3, Avg: 8.6, Max: 9.0, Diff: 0.7, Sum: 34.6]
      [Termination (ms): Min: 0.0, Avg: 0.0, Max: 0.0, Diff: 0.0, Sum: 0.0]
         [Termination Attempts: Min: 1, Avg: 1.0, Max: 1, Diff: 0, Sum: 4]
      [GC Worker Other (ms): Min: 0.0, Avg: 0.0, Max: 0.0, Diff: 0.0, Sum: 0.1]
      [GC Worker Total (ms): Min: 13.2, Avg: 13.2, Max: 13.2, Diff: 0.0, Sum: 52.9]
      [GC Worker End (ms): Min: 14565.7, Avg: 14565.7, Max: 14565.7, Diff: 0.0]
   [Code Root Fixup: 0.1 ms]
   [Code Root Purge: 0.0 ms]
   [Clear CT: 0.1 ms]
   [Other: 1.3 ms]
      [Choose CSet: 0.0 ms]
      [Ref Proc: 1.1 ms]
      [Ref Enq: 0.0 ms]
      [Redirty Cards: 0.1 ms]
      [Humongous Register: 0.0 ms]
      [Humongous Reclaim: 0.0 ms]
      [Free CSet: 0.0 ms]
   [Eden: 43.0M(43.0M)->0.0B(40.0M) Survivors: 7168.0K->7168.0K Heap: 107.2M(128.0M)->68.0M(128.0M)]
 [Times: user=0.04 sys=0.00, real=0.02 secs] 
2019-10-12T10:47:02.293-0800: 14.567: [GC concurrent-root-region-scan-start]
2019-10-12T10:47:02.304-0800: 14.578: [GC concurrent-root-region-scan-end, 0.0106782 secs]
2019-10-12T10:47:02.304-0800: 14.578: [GC concurrent-mark-start]
2019-10-12T10:47:02.376-0800: 14.651: [GC concurrent-mark-end, 0.0728583 secs]
2019-10-12T10:47:02.377-0800: 14.652: [GC remark 2019-10-12T10:47:02.377-0800: 14.652: [Finalize Marking, 0.0031191 secs] 2019-10-12T10:47:02.380-0800: 14.655: [GC ref-proc, 0.0017520 secs] 2019-10-12T10:47:02.382-0800: 14.656: [Unloading, 0.0110618 secs], 0.0162942 secs]
 [Times: user=0.05 sys=0.00, real=0.02 secs] 
2019-10-12T10:47:02.394-0800: 14.668: [GC cleanup 82M->75M(128M), 0.0004495 secs]
 [Times: user=0.00 sys=0.00, real=0.00 secs] 
2019-10-12T10:47:02.394-0800: 14.669: [GC concurrent-cleanup-start]
2019-10-12T10:47:02.394-0800: 14.669: [GC concurrent-cleanup-end, 0.0000159 secs]
2019-10-12T10:47:02.531-0800: 14.806: [GC pause (G1 Evacuation Pause) (young), 0.0150344 secs]
   [Parallel Time: 13.9 ms, GC Workers: 4]
      [GC Worker Start (ms): Min: 14805.8, Avg: 14805.8, Max: 14805.8, Diff: 0.0]
      [Ext Root Scanning (ms): Min: 0.6, Avg: 0.8, Max: 1.2, Diff: 0.6, Sum: 3.4]
      [Update RS (ms): Min: 3.6, Avg: 4.0, Max: 4.2, Diff: 0.6, Sum: 15.9]
         [Processed Buffers: Min: 6, Avg: 7.8, Max: 10, Diff: 4, Sum: 31]
      [Scan RS (ms): Min: 0.0, Avg: 0.0, Max: 0.0, Diff: 0.0, Sum: 0.0]
      [Code Root Scanning (ms): Min: 0.0, Avg: 0.1, Max: 0.2, Diff: 0.2, Sum: 0.2]
      [Object Copy (ms): Min: 8.8, Avg: 8.9, Max: 9.1, Diff: 0.3, Sum: 35.5]
      [Termination (ms): Min: 0.0, Avg: 0.1, Max: 0.1, Diff: 0.1, Sum: 0.2]
         [Termination Attempts: Min: 1, Avg: 1.2, Max: 2, Diff: 1, Sum: 5]
      [GC Worker Other (ms): Min: 0.0, Avg: 0.0, Max: 0.0, Diff: 0.0, Sum: 0.0]
      [GC Worker Total (ms): Min: 13.8, Avg: 13.8, Max: 13.9, Diff: 0.0, Sum: 55.3]
      [GC Worker End (ms): Min: 14819.6, Avg: 14819.6, Max: 14819.6, Diff: 0.0]
   [Code Root Fixup: 0.1 ms]
   [Code Root Purge: 0.0 ms]
   [Clear CT: 0.1 ms]
   [Other: 1.0 ms]
      [Choose CSet: 0.0 ms]
      [Ref Proc: 0.9 ms]
      [Ref Enq: 0.0 ms]
      [Redirty Cards: 0.0 ms]
      [Humongous Register: 0.0 ms]
      [Humongous Reclaim: 0.0 ms]
      [Free CSet: 0.0 ms]
   [Eden: 40.0M(40.0M)->0.0B(1024.0K) Survivors: 7168.0K->6144.0K Heap: 101.0M(128.0M)->64.0M(128.0M)]
 [Times: user=0.05 sys=0.00, real=0.01 secs] 
2019-10-12T10:47:02.549-0800: 14.823: [GC pause (G1 Evacuation Pause) (mixed), 0.0184960 secs]
   [Parallel Time: 17.3 ms, GC Workers: 4]
      [GC Worker Start (ms): Min: 14823.4, Avg: 14823.4, Max: 14823.4, Diff: 0.0]
      [Ext Root Scanning (ms): Min: 0.6, Avg: 0.8, Max: 1.2, Diff: 0.5, Sum: 3.3]
      [Update RS (ms): Min: 4.7, Avg: 5.0, Max: 5.3, Diff: 0.6, Sum: 20.1]
         [Processed Buffers: Min: 8, Avg: 8.8, Max: 10, Diff: 2, Sum: 35]
      [Scan RS (ms): Min: 2.7, Avg: 3.1, Max: 3.8, Diff: 1.1, Sum: 12.3]
      [Code Root Scanning (ms): Min: 0.0, Avg: 0.1, Max: 0.2, Diff: 0.2, Sum: 0.4]
      [Object Copy (ms): Min: 7.1, Avg: 8.2, Max: 8.6, Diff: 1.5, Sum: 32.7]
      [Termination (ms): Min: 0.0, Avg: 0.0, Max: 0.0, Diff: 0.0, Sum: 0.0]
         [Termination Attempts: Min: 1, Avg: 1.5, Max: 2, Diff: 1, Sum: 6]
      [GC Worker Other (ms): Min: 0.0, Avg: 0.0, Max: 0.0, Diff: 0.0, Sum: 0.0]
      [GC Worker Total (ms): Min: 17.2, Avg: 17.2, Max: 17.2, Diff: 0.0, Sum: 68.8]
      [GC Worker End (ms): Min: 14840.6, Avg: 14840.6, Max: 14840.6, Diff: 0.0]
   [Code Root Fixup: 0.1 ms]
   [Code Root Purge: 0.0 ms]
   [Clear CT: 0.1 ms]
   [Other: 1.0 ms]
      [Choose CSet: 0.0 ms]
      [Ref Proc: 0.8 ms]
      [Ref Enq: 0.0 ms]
      [Redirty Cards: 0.1 ms]
      [Humongous Register: 0.0 ms]
      [Humongous Reclaim: 0.0 ms]
      [Free CSet: 0.1 ms]
   [Eden: 1024.0K(1024.0K)->0.0B(5120.0K) Survivors: 6144.0K->1024.0K Heap: 65.0M(128.0M)->55.0M(128.0M)]
 [Times: user=0.07 sys=0.00, real=0.02 secs] 
2019-10-12T10:47:02.613-0800: 14.888: [GC pause (G1 Evacuation Pause) (mixed), 0.0120022 secs]
   [Parallel Time: 10.8 ms, GC Workers: 4]
      [GC Worker Start (ms): Min: 14887.6, Avg: 14887.6, Max: 14887.7, Diff: 0.0]
      [Ext Root Scanning (ms): Min: 0.6, Avg: 0.8, Max: 1.4, Diff: 0.8, Sum: 3.4]
      [Update RS (ms): Min: 4.1, Avg: 4.7, Max: 5.1, Diff: 1.0, Sum: 18.7]
         [Processed Buffers: Min: 7, Avg: 8.0, Max: 9, Diff: 2, Sum: 32]
      [Scan RS (ms): Min: 2.1, Avg: 2.5, Max: 2.7, Diff: 0.5, Sum: 10.1]
      [Code Root Scanning (ms): Min: 0.0, Avg: 0.1, Max: 0.2, Diff: 0.2, Sum: 0.2]
      [Object Copy (ms): Min: 2.5, Avg: 2.6, Max: 2.7, Diff: 0.2, Sum: 10.5]
      [Termination (ms): Min: 0.0, Avg: 0.0, Max: 0.0, Diff: 0.0, Sum: 0.0]
         [Termination Attempts: Min: 1, Avg: 1.0, Max: 1, Diff: 0, Sum: 4]
      [GC Worker Other (ms): Min: 0.0, Avg: 0.0, Max: 0.0, Diff: 0.0, Sum: 0.0]
      [GC Worker Total (ms): Min: 10.8, Avg: 10.8, Max: 10.8, Diff: 0.0, Sum: 43.1]
      [GC Worker End (ms): Min: 14898.4, Avg: 14898.4, Max: 14898.4, Diff: 0.0]
   [Code Root Fixup: 0.1 ms]
   [Code Root Purge: 0.0 ms]
   [Clear CT: 0.1 ms]
   [Other: 1.0 ms]
      [Choose CSet: 0.0 ms]
      [Ref Proc: 0.8 ms]
      [Ref Enq: 0.0 ms]
      [Redirty Cards: 0.1 ms]
      [Humongous Register: 0.0 ms]
      [Humongous Reclaim: 0.0 ms]
      [Free CSet: 0.1 ms]
   [Eden: 5120.0K(5120.0K)->0.0B(57.0M) Survivors: 1024.0K->1024.0K Heap: 60.0M(128.0M)->55.0M(128.0M)]
 [Times: user=0.04 sys=0.00, real=0.01 secs] 
2019-10-12T10:47:03.158-0800: 15.432: [GC pause (G1 Evacuation Pause) (young), 0.0108306 secs]
   [Parallel Time: 9.3 ms, GC Workers: 4]
      [GC Worker Start (ms): Min: 15432.3, Avg: 15432.3, Max: 15432.3, Diff: 0.0]
      [Ext Root Scanning (ms): Min: 0.8, Avg: 1.1, Max: 1.4, Diff: 0.6, Sum: 4.2]
      [Update RS (ms): Min: 5.9, Avg: 6.2, Max: 6.5, Diff: 0.6, Sum: 24.7]
         [Processed Buffers: Min: 9, Avg: 11.8, Max: 14, Diff: 5, Sum: 47]
      [Scan RS (ms): Min: 0.0, Avg: 0.0, Max: 0.0, Diff: 0.0, Sum: 0.0]
      [Code Root Scanning (ms): Min: 0.0, Avg: 0.0, Max: 0.0, Diff: 0.0, Sum: 0.0]
      [Object Copy (ms): Min: 1.6, Avg: 1.9, Max: 2.1, Diff: 0.4, Sum: 7.7]
      [Termination (ms): Min: 0.0, Avg: 0.0, Max: 0.0, Diff: 0.0, Sum: 0.0]
         [Termination Attempts: Min: 1, Avg: 1.0, Max: 1, Diff: 0, Sum: 4]
      [GC Worker Other (ms): Min: 0.0, Avg: 0.0, Max: 0.0, Diff: 0.0, Sum: 0.1]
      [GC Worker Total (ms): Min: 9.2, Avg: 9.2, Max: 9.2, Diff: 0.0, Sum: 36.7]
      [GC Worker End (ms): Min: 15441.5, Avg: 15441.5, Max: 15441.5, Diff: 0.0]
   [Code Root Fixup: 0.0 ms]
   [Code Root Purge: 0.0 ms]
   [Clear CT: 0.1 ms]
   [Other: 1.4 ms]
      [Choose CSet: 0.0 ms]
      [Ref Proc: 1.3 ms]
      [Ref Enq: 0.0 ms]
      [Redirty Cards: 0.1 ms]
      [Humongous Register: 0.0 ms]
      [Humongous Reclaim: 0.0 ms]
      [Free CSet: 0.0 ms]
   [Eden: 57.0M(57.0M)->0.0B(55.0M) Survivors: 1024.0K->3072.0K Heap: 112.0M(128.0M)->56.5M(128.0M)]
 [Times: user=0.04 sys=0.00, real=0.01 secs] 
2019-10-12T10:47:03.680-0800: 15.954: [GC pause (G1 Evacuation Pause) (young), 0.0077515 secs]
   [Parallel Time: 6.0 ms, GC Workers: 4]
      [GC Worker Start (ms): Min: 15954.0, Avg: 15954.0, Max: 15954.0, Diff: 0.0]
      [Ext Root Scanning (ms): Min: 0.7, Avg: 0.9, Max: 1.2, Diff: 0.5, Sum: 3.7]
      [Update RS (ms): Min: 1.7, Avg: 1.9, Max: 2.0, Diff: 0.3, Sum: 7.5]
         [Processed Buffers: Min: 3, Avg: 4.8, Max: 8, Diff: 5, Sum: 19]
      [Scan RS (ms): Min: 0.0, Avg: 0.0, Max: 0.0, Diff: 0.0, Sum: 0.0]
      [Code Root Scanning (ms): Min: 0.0, Avg: 0.0, Max: 0.0, Diff: 0.0, Sum: 0.1]
      [Object Copy (ms): Min: 2.9, Avg: 3.1, Max: 3.2, Diff: 0.3, Sum: 12.2]
      [Termination (ms): Min: 0.0, Avg: 0.0, Max: 0.0, Diff: 0.0, Sum: 0.0]
         [Termination Attempts: Min: 1, Avg: 1.0, Max: 1, Diff: 0, Sum: 4]
      [GC Worker Other (ms): Min: 0.0, Avg: 0.0, Max: 0.0, Diff: 0.0, Sum: 0.1]
      [GC Worker Total (ms): Min: 5.9, Avg: 5.9, Max: 5.9, Diff: 0.0, Sum: 23.6]
      [GC Worker End (ms): Min: 15959.9, Avg: 15959.9, Max: 15959.9, Diff: 0.0]
   [Code Root Fixup: 0.1 ms]
   [Code Root Purge: 0.0 ms]
   [Clear CT: 0.2 ms]
   [Other: 1.5 ms]
      [Choose CSet: 0.0 ms]
      [Ref Proc: 1.3 ms]
      [Ref Enq: 0.0 ms]
      [Redirty Cards: 0.1 ms]
      [Humongous Register: 0.0 ms]
      [Humongous Reclaim: 0.0 ms]
      [Free CSet: 0.0 ms]
   [Eden: 55.0M(55.0M)->0.0B(47.0M) Survivors: 3072.0K->7168.0K Heap: 111.5M(128.0M)->60.8M(128.0M)]
 [Times: user=0.03 sys=0.00, real=0.00 secs] 
2019-10-12T10:47:03.905-0800: 16.179: [GC pause (G1 Evacuation Pause) (young), 0.0100410 secs]
   [Parallel Time: 8.6 ms, GC Workers: 4]
      [GC Worker Start (ms): Min: 16179.4, Avg: 16179.4, Max: 16179.4, Diff: 0.0]
      [Ext Root Scanning (ms): Min: 0.7, Avg: 0.9, Max: 1.3, Diff: 0.6, Sum: 3.6]
      [Update RS (ms): Min: 1.7, Avg: 2.4, Max: 3.2, Diff: 1.4, Sum: 9.6]
         [Processed Buffers: Min: 4, Avg: 4.5, Max: 6, Diff: 2, Sum: 18]
      [Scan RS (ms): Min: 0.0, Avg: 0.0, Max: 0.0, Diff: 0.0, Sum: 0.0]
      [Code Root Scanning (ms): Min: 0.0, Avg: 0.0, Max: 0.1, Diff: 0.1, Sum: 0.1]
      [Object Copy (ms): Min: 4.2, Avg: 4.9, Max: 5.2, Diff: 0.9, Sum: 19.7]
      [Termination (ms): Min: 0.0, Avg: 0.0, Max: 0.0, Diff: 0.0, Sum: 0.0]
         [Termination Attempts: Min: 1, Avg: 3.2, Max: 6, Diff: 5, Sum: 13]
      [GC Worker Other (ms): Min: 0.0, Avg: 0.0, Max: 0.0, Diff: 0.0, Sum: 0.1]
      [GC Worker Total (ms): Min: 8.2, Avg: 8.3, Max: 8.3, Diff: 0.0, Sum: 33.1]
      [GC Worker End (ms): Min: 16187.7, Avg: 16187.7, Max: 16187.7, Diff: 0.0]
   [Code Root Fixup: 0.1 ms]
   [Code Root Purge: 0.0 ms]
   [Clear CT: 0.1 ms]
   [Other: 1.3 ms]
      [Choose CSet: 0.0 ms]
      [Ref Proc: 1.1 ms]
      [Ref Enq: 0.0 ms]
      [Redirty Cards: 0.1 ms]
      [Humongous Register: 0.0 ms]
      [Humongous Reclaim: 0.0 ms]
      [Free CSet: 0.0 ms]
   [Eden: 47.0M(47.0M)->0.0B(49.0M) Survivors: 7168.0K->6144.0K Heap: 107.8M(128.0M)->60.0M(128.0M)]
 [Times: user=0.03 sys=0.00, real=0.01 secs] 
2019-10-12T10:47:04.158-0800: 16.432: [GC pause (G1 Evacuation Pause) (young), 0.0115893 secs]
   [Parallel Time: 10.2 ms, GC Workers: 4]
      [GC Worker Start (ms): Min: 16432.2, Avg: 16432.2, Max: 16432.3, Diff: 0.0]
      [Ext Root Scanning (ms): Min: 0.6, Avg: 0.8, Max: 1.3, Diff: 0.8, Sum: 3.3]
      [Update RS (ms): Min: 2.4, Avg: 2.6, Max: 2.8, Diff: 0.4, Sum: 10.3]
         [Processed Buffers: Min: 4, Avg: 5.0, Max: 7, Diff: 3, Sum: 20]
      [Scan RS (ms): Min: 0.0, Avg: 0.0, Max: 0.0, Diff: 0.0, Sum: 0.0]
      [Code Root Scanning (ms): Min: 0.0, Avg: 0.0, Max: 0.1, Diff: 0.1, Sum: 0.1]
      [Object Copy (ms): Min: 6.0, Avg: 6.3, Max: 6.6, Diff: 0.6, Sum: 25.3]
      [Termination (ms): Min: 0.0, Avg: 0.0, Max: 0.0, Diff: 0.0, Sum: 0.0]
         [Termination Attempts: Min: 1, Avg: 1.0, Max: 1, Diff: 0, Sum: 4]
      [GC Worker Other (ms): Min: 0.0, Avg: 0.1, Max: 0.2, Diff: 0.2, Sum: 0.3]
      [GC Worker Total (ms): Min: 9.8, Avg: 9.8, Max: 10.0, Diff: 0.2, Sum: 39.3]
      [GC Worker End (ms): Min: 16442.0, Avg: 16442.1, Max: 16442.2, Diff: 0.2]
   [Code Root Fixup: 0.1 ms]
   [Code Root Purge: 0.0 ms]
   [Clear CT: 0.1 ms]
   [Other: 1.3 ms]
      [Choose CSet: 0.0 ms]
      [Ref Proc: 1.0 ms]
      [Ref Enq: 0.0 ms]
      [Redirty Cards: 0.1 ms]
      [Humongous Register: 0.0 ms]
      [Humongous Reclaim: 0.0 ms]
      [Free CSet: 0.0 ms]
   [Eden: 49.0M(49.0M)->0.0B(47.0M) Survivors: 6144.0K->6144.0K Heap: 109.0M(128.0M)->61.5M(128.0M)]
 [Times: user=0.04 sys=0.00, real=0.01 secs] 
2019-10-12T10:47:04.406-0800: 16.680: [GC pause (G1 Evacuation Pause) (young), 0.0128396 secs]
   [Parallel Time: 11.6 ms, GC Workers: 4]
      [GC Worker Start (ms): Min: 16680.1, Avg: 16680.1, Max: 16680.1, Diff: 0.0]
      [Ext Root Scanning (ms): Min: 0.6, Avg: 0.8, Max: 1.3, Diff: 0.7, Sum: 3.3]
      [Update RS (ms): Min: 4.5, Avg: 4.6, Max: 4.8, Diff: 0.4, Sum: 18.6]
         [Processed Buffers: Min: 7, Avg: 8.2, Max: 9, Diff: 2, Sum: 33]
      [Scan RS (ms): Min: 0.0, Avg: 0.0, Max: 0.0, Diff: 0.0, Sum: 0.0]
      [Code Root Scanning (ms): Min: 0.0, Avg: 0.0, Max: 0.1, Diff: 0.1, Sum: 0.1]
      [Object Copy (ms): Min: 5.6, Avg: 5.9, Max: 6.0, Diff: 0.4, Sum: 23.5]
      [Termination (ms): Min: 0.0, Avg: 0.1, Max: 0.2, Diff: 0.2, Sum: 0.4]
         [Termination Attempts: Min: 1, Avg: 1.0, Max: 1, Diff: 0, Sum: 4]
      [GC Worker Other (ms): Min: 0.0, Avg: 0.0, Max: 0.0, Diff: 0.0, Sum: 0.0]
      [GC Worker Total (ms): Min: 11.4, Avg: 11.5, Max: 11.5, Diff: 0.1, Sum: 46.0]
      [GC Worker End (ms): Min: 16691.6, Avg: 16691.6, Max: 16691.6, Diff: 0.1]
   [Code Root Fixup: 0.1 ms]
   [Code Root Purge: 0.0 ms]
   [Clear CT: 0.1 ms]
   [Other: 1.1 ms]
      [Choose CSet: 0.0 ms]
      [Ref Proc: 1.0 ms]
      [Ref Enq: 0.0 ms]
      [Redirty Cards: 0.1 ms]
      [Humongous Register: 0.0 ms]
      [Humongous Reclaim: 0.0 ms]
      [Free CSet: 0.0 ms]
   [Eden: 47.0M(47.0M)->0.0B(44.0M) Survivors: 6144.0K->6144.0K Heap: 108.5M(128.0M)->63.8M(128.0M)]
 [Times: user=0.04 sys=0.00, real=0.01 secs] 
2019-10-12T10:47:05.037-0800: 17.311: [GC pause (G1 Evacuation Pause) (young) (initial-mark), 0.0156751 secs]
   [Parallel Time: 13.1 ms, GC Workers: 4]
      [GC Worker Start (ms): Min: 17311.2, Avg: 17311.2, Max: 17311.2, Diff: 0.0]
      [Ext Root Scanning (ms): Min: 1.3, Avg: 1.5, Max: 1.7, Diff: 0.4, Sum: 6.1]
      [Update RS (ms): Min: 4.2, Avg: 5.3, Max: 8.0, Diff: 3.8, Sum: 21.1]
         [Processed Buffers: Min: 2, Avg: 7.8, Max: 13, Diff: 11, Sum: 31]
      [Scan RS (ms): Min: 0.0, Avg: 0.0, Max: 0.0, Diff: 0.0, Sum: 0.0]
      [Code Root Scanning (ms): Min: 0.0, Avg: 0.0, Max: 0.1, Diff: 0.1, Sum: 0.1]
      [Object Copy (ms): Min: 3.6, Avg: 6.1, Max: 7.1, Diff: 3.5, Sum: 24.3]
      [Termination (ms): Min: 0.0, Avg: 0.0, Max: 0.0, Diff: 0.0, Sum: 0.0]
         [Termination Attempts: Min: 1, Avg: 1.0, Max: 1, Diff: 0, Sum: 4]
      [GC Worker Other (ms): Min: 0.0, Avg: 0.0, Max: 0.0, Diff: 0.0, Sum: 0.0]
      [GC Worker Total (ms): Min: 12.9, Avg: 12.9, Max: 13.0, Diff: 0.0, Sum: 51.7]
      [GC Worker End (ms): Min: 17324.1, Avg: 17324.1, Max: 17324.1, Diff: 0.0]
   [Code Root Fixup: 0.1 ms]
   [Code Root Purge: 0.0 ms]
   [Clear CT: 0.1 ms]
   [Other: 2.3 ms]
      [Choose CSet: 0.0 ms]
      [Ref Proc: 2.1 ms]
      [Ref Enq: 0.0 ms]
      [Redirty Cards: 0.1 ms]
      [Humongous Register: 0.0 ms]
      [Humongous Reclaim: 0.0 ms]
      [Free CSet: 0.0 ms]
   [Eden: 44.0M(44.0M)->0.0B(42.0M) Survivors: 6144.0K->6144.0K Heap: 107.8M(128.0M)->66.4M(128.0M)]
 [Times: user=0.05 sys=0.00, real=0.02 secs] 
2019-10-12T10:47:05.052-0800: 17.327: [GC concurrent-root-region-scan-start]
2019-10-12T10:47:05.067-0800: 17.342: [GC concurrent-root-region-scan-end, 0.0148093 secs]
2019-10-12T10:47:05.067-0800: 17.342: [GC concurrent-mark-start]
2019-10-12T10:47:05.187-0800: 17.461: [GC concurrent-mark-end, 0.1193016 secs]
2019-10-12T10:47:05.187-0800: 17.461: [GC remark 2019-10-12T10:47:05.187-0800: 17.461: [Finalize Marking, 0.0001586 secs] 2019-10-12T10:47:05.187-0800: 17.461: [GC ref-proc, 0.0019911 secs] 2019-10-12T10:47:05.189-0800: 17.463: [Unloading, 0.0118393 secs], 0.0143439 secs]
 [Times: user=0.04 sys=0.00, real=0.02 secs] 
2019-10-12T10:47:05.201-0800: 17.476: [GC cleanup 83M->82M(128M), 0.0006990 secs]
 [Times: user=0.00 sys=0.00, real=0.00 secs] 
2019-10-12T10:47:05.202-0800: 17.476: [GC concurrent-cleanup-start]
2019-10-12T10:47:05.202-0800: 17.476: [GC concurrent-cleanup-end, 0.0000199 secs]
2019-10-12T10:47:05.410-0800: 17.685: [GC pause (G1 Evacuation Pause) (young), 0.0139139 secs]
   [Parallel Time: 12.5 ms, GC Workers: 4]
      [GC Worker Start (ms): Min: 17684.6, Avg: 17684.7, Max: 17684.7, Diff: 0.1]
      [Ext Root Scanning (ms): Min: 0.8, Avg: 1.7, Max: 4.2, Diff: 3.4, Sum: 6.9]
      [Update RS (ms): Min: 2.0, Avg: 3.9, Max: 4.8, Diff: 2.8, Sum: 15.7]
         [Processed Buffers: Min: 3, Avg: 7.2, Max: 10, Diff: 7, Sum: 29]
      [Scan RS (ms): Min: 0.0, Avg: 0.0, Max: 0.0, Diff: 0.0, Sum: 0.0]
      [Code Root Scanning (ms): Min: 0.0, Avg: 0.0, Max: 0.1, Diff: 0.1, Sum: 0.1]
      [Object Copy (ms): Min: 6.3, Avg: 6.6, Max: 7.0, Diff: 0.7, Sum: 26.6]
      [Termination (ms): Min: 0.0, Avg: 0.0, Max: 0.0, Diff: 0.0, Sum: 0.0]
         [Termination Attempts: Min: 1, Avg: 1.0, Max: 1, Diff: 0, Sum: 4]
      [GC Worker Other (ms): Min: 0.0, Avg: 0.0, Max: 0.0, Diff: 0.0, Sum: 0.1]
      [GC Worker Total (ms): Min: 12.3, Avg: 12.4, Max: 12.4, Diff: 0.1, Sum: 49.5]
      [GC Worker End (ms): Min: 17697.0, Avg: 17697.0, Max: 17697.0, Diff: 0.0]
   [Code Root Fixup: 0.0 ms]
   [Code Root Purge: 0.0 ms]
   [Clear CT: 0.1 ms]
   [Other: 1.4 ms]
      [Choose CSet: 0.0 ms]
      [Ref Proc: 1.2 ms]
      [Ref Enq: 0.0 ms]
      [Redirty Cards: 0.0 ms]
      [Humongous Register: 0.0 ms]
      [Humongous Reclaim: 0.0 ms]
      [Free CSet: 0.0 ms]
   [Eden: 42.0M(42.0M)->0.0B(1024.0K) Survivors: 6144.0K->6144.0K Heap: 107.4M(128.0M)->67.3M(128.0M)]
 [Times: user=0.04 sys=0.00, real=0.01 secs] 
2019-10-12T10:47:05.445-0800: 17.719: [GC pause (G1 Evacuation Pause) (mixed), 0.0202296 secs]
   [Parallel Time: 18.8 ms, GC Workers: 4]
      [GC Worker Start (ms): Min: 17719.2, Avg: 17719.2, Max: 17719.3, Diff: 0.0]
      [Ext Root Scanning (ms): Min: 0.7, Avg: 1.0, Max: 1.6, Diff: 0.9, Sum: 3.9]
      [Update RS (ms): Min: 3.7, Avg: 4.1, Max: 4.3, Diff: 0.6, Sum: 16.2]
         [Processed Buffers: Min: 6, Avg: 7.2, Max: 10, Diff: 4, Sum: 29]
      [Scan RS (ms): Min: 3.7, Avg: 3.7, Max: 3.8, Diff: 0.1, Sum: 15.0]
      [Code Root Scanning (ms): Min: 0.0, Avg: 0.1, Max: 0.2, Diff: 0.2, Sum: 0.2]
      [Object Copy (ms): Min: 9.7, Avg: 9.9, Max: 10.0, Diff: 0.3, Sum: 39.5]
      [Termination (ms): Min: 0.0, Avg: 0.0, Max: 0.0, Diff: 0.0, Sum: 0.0]
         [Termination Attempts: Min: 1, Avg: 1.5, Max: 2, Diff: 1, Sum: 6]
      [GC Worker Other (ms): Min: 0.0, Avg: 0.0, Max: 0.0, Diff: 0.0, Sum: 0.0]
      [GC Worker Total (ms): Min: 18.7, Avg: 18.7, Max: 18.8, Diff: 0.0, Sum: 74.9]
      [GC Worker End (ms): Min: 17738.0, Avg: 17738.0, Max: 17738.0, Diff: 0.0]
   [Code Root Fixup: 0.1 ms]
   [Code Root Purge: 0.0 ms]
   [Clear CT: 0.1 ms]
   [Other: 1.3 ms]
      [Choose CSet: 0.0 ms]
      [Ref Proc: 1.0 ms]
      [Ref Enq: 0.0 ms]
      [Redirty Cards: 0.1 ms]
      [Humongous Register: 0.0 ms]
      [Humongous Reclaim: 0.0 ms]
      [Free CSet: 0.1 ms]
   [Eden: 1024.0K(1024.0K)->0.0B(51.0M) Survivors: 6144.0K->1024.0K Heap: 68.3M(128.0M)->61.0M(128.0M)]
 [Times: user=0.07 sys=0.00, real=0.02 secs] 
2019-10-12T10:47:05.741-0800: 18.015: [GC pause (G1 Evacuation Pause) (young), 0.0167949 secs]
   [Parallel Time: 15.1 ms, GC Workers: 4]
      [GC Worker Start (ms): Min: 18015.0, Avg: 18015.0, Max: 18015.0, Diff: 0.0]
      [Ext Root Scanning (ms): Min: 0.7, Avg: 0.9, Max: 1.2, Diff: 0.4, Sum: 3.7]
      [Update RS (ms): Min: 9.5, Avg: 9.9, Max: 10.8, Diff: 1.3, Sum: 39.5]
         [Processed Buffers: Min: 9, Avg: 12.0, Max: 17, Diff: 8, Sum: 48]
      [Scan RS (ms): Min: 0.0, Avg: 0.0, Max: 0.1, Diff: 0.1, Sum: 0.1]
      [Code Root Scanning (ms): Min: 0.0, Avg: 0.0, Max: 0.0, Diff: 0.0, Sum: 0.0]
      [Object Copy (ms): Min: 2.7, Avg: 3.8, Max: 4.3, Diff: 1.7, Sum: 15.4]
      [Termination (ms): Min: 0.0, Avg: 0.2, Max: 0.3, Diff: 0.3, Sum: 0.8]
         [Termination Attempts: Min: 1, Avg: 1.0, Max: 1, Diff: 0, Sum: 4]
      [GC Worker Other (ms): Min: 0.0, Avg: 0.0, Max: 0.0, Diff: 0.0, Sum: 0.0]
      [GC Worker Total (ms): Min: 14.8, Avg: 14.9, Max: 15.0, Diff: 0.2, Sum: 59.5]
      [GC Worker End (ms): Min: 18029.8, Avg: 18029.9, Max: 18030.0, Diff: 0.2]
   [Code Root Fixup: 0.0 ms]
   [Code Root Purge: 0.0 ms]
   [Clear CT: 0.1 ms]
   [Other: 1.6 ms]
      [Choose CSet: 0.0 ms]
      [Ref Proc: 1.4 ms]
      [Ref Enq: 0.0 ms]
      [Redirty Cards: 0.1 ms]
      [Humongous Register: 0.0 ms]
      [Humongous Reclaim: 0.0 ms]
      [Free CSet: 0.1 ms]
   [Eden: 51.0M(51.0M)->0.0B(49.0M) Survivors: 1024.0K->3072.0K Heap: 112.0M(128.0M)->62.6M(128.0M)]
 [Times: user=0.05 sys=0.00, real=0.01 secs] 
2019-10-12T10:47:06.066-0800: 18.340: [GC pause (G1 Evacuation Pause) (young) (initial-mark), 0.0186940 secs]
   [Parallel Time: 16.3 ms, GC Workers: 4]
      [GC Worker Start (ms): Min: 18340.2, Avg: 18340.6, Max: 18341.7, Diff: 1.5]
      [Ext Root Scanning (ms): Min: 0.7, Avg: 3.3, Max: 5.6, Diff: 5.0, Sum: 13.3]
      [Update RS (ms): Min: 3.4, Avg: 5.9, Max: 8.4, Diff: 5.0, Sum: 23.5]
         [Processed Buffers: Min: 1, Avg: 4.5, Max: 9, Diff: 8, Sum: 18]
      [Scan RS (ms): Min: 0.0, Avg: 0.0, Max: 0.0, Diff: 0.0, Sum: 0.0]
      [Code Root Scanning (ms): Min: 0.0, Avg: 0.0, Max: 0.1, Diff: 0.1, Sum: 0.1]
      [Object Copy (ms): Min: 5.5, Avg: 6.5, Max: 6.9, Diff: 1.4, Sum: 25.8]
      [Termination (ms): Min: 0.0, Avg: 0.0, Max: 0.0, Diff: 0.0, Sum: 0.0]
         [Termination Attempts: Min: 1, Avg: 1.5, Max: 2, Diff: 1, Sum: 6]
      [GC Worker Other (ms): Min: 0.0, Avg: 0.0, Max: 0.0, Diff: 0.0, Sum: 0.1]
      [GC Worker Total (ms): Min: 14.6, Avg: 15.7, Max: 16.1, Diff: 1.5, Sum: 62.8]
      [GC Worker End (ms): Min: 18356.3, Avg: 18356.3, Max: 18356.3, Diff: 0.0]
   [Code Root Fixup: 0.0 ms]
   [Code Root Purge: 0.0 ms]
   [Clear CT: 0.1 ms]
   [Other: 2.3 ms]
      [Choose CSet: 0.0 ms]
      [Ref Proc: 2.1 ms]
      [Ref Enq: 0.0 ms]
      [Redirty Cards: 0.1 ms]
      [Humongous Register: 0.0 ms]
      [Humongous Reclaim: 0.0 ms]
      [Free CSet: 0.0 ms]
   [Eden: 49.0M(49.0M)->0.0B(45.0M) Survivors: 3072.0K->5120.0K Heap: 111.6M(128.0M)->64.4M(128.0M)]
 [Times: user=0.03 sys=0.00, real=0.02 secs] 
2019-10-12T10:47:06.084-0800: 18.359: [GC concurrent-root-region-scan-start]
2019-10-12T10:47:06.093-0800: 18.367: [GC concurrent-root-region-scan-end, 0.0083852 secs]
2019-10-12T10:47:06.093-0800: 18.367: [GC concurrent-mark-start]
2019-10-12T10:47:06.245-0800: 18.519: [GC concurrent-mark-end, 0.1516652 secs]
2019-10-12T10:47:06.245-0800: 18.519: [GC remark 2019-10-12T10:47:06.245-0800: 18.519: [Finalize Marking, 0.0001644 secs] 2019-10-12T10:47:06.245-0800: 18.519: [GC ref-proc, 0.0020501 secs] 2019-10-12T10:47:06.247-0800: 18.521: [Unloading, 0.0115045 secs], 0.0140936 secs]
 [Times: user=0.04 sys=0.00, real=0.01 secs] 
2019-10-12T10:47:06.259-0800: 18.533: [GC cleanup 84M->84M(128M), 0.0007283 secs]
 [Times: user=0.00 sys=0.00, real=0.01 secs] 
2019-10-12T10:47:06.388-0800: 18.663: [GC pause (G1 Evacuation Pause) (young), 0.0096429 secs]
   [Parallel Time: 8.2 ms, GC Workers: 4]
      [GC Worker Start (ms): Min: 18662.7, Avg: 18662.7, Max: 18662.7, Diff: 0.0]
      [Ext Root Scanning (ms): Min: 0.8, Avg: 1.0, Max: 1.2, Diff: 0.4, Sum: 3.9]
      [Update RS (ms): Min: 2.5, Avg: 2.9, Max: 3.7, Diff: 1.1, Sum: 11.4]
         [Processed Buffers: Min: 2, Avg: 5.0, Max: 10, Diff: 8, Sum: 20]
      [Scan RS (ms): Min: 0.0, Avg: 0.0, Max: 0.0, Diff: 0.0, Sum: 0.0]
      [Code Root Scanning (ms): Min: 0.0, Avg: 0.0, Max: 0.0, Diff: 0.0, Sum: 0.0]
      [Object Copy (ms): Min: 3.4, Avg: 4.0, Max: 4.3, Diff: 0.9, Sum: 16.2]
      [Termination (ms): Min: 0.0, Avg: 0.0, Max: 0.0, Diff: 0.0, Sum: 0.0]
         [Termination Attempts: Min: 1, Avg: 1.0, Max: 1, Diff: 0, Sum: 4]
      [GC Worker Other (ms): Min: 0.0, Avg: 0.0, Max: 0.0, Diff: 0.0, Sum: 0.1]
      [GC Worker Total (ms): Min: 7.9, Avg: 7.9, Max: 7.9, Diff: 0.0, Sum: 31.6]
      [GC Worker End (ms): Min: 18670.6, Avg: 18670.6, Max: 18670.6, Diff: 0.0]
   [Code Root Fixup: 0.1 ms]
   [Code Root Purge: 0.0 ms]
   [Clear CT: 0.1 ms]
   [Other: 1.3 ms]
      [Choose CSet: 0.0 ms]
      [Ref Proc: 1.1 ms]
      [Ref Enq: 0.0 ms]
      [Redirty Cards: 0.1 ms]
      [Humongous Register: 0.0 ms]
      [Humongous Reclaim: 0.0 ms]
      [Free CSet: 0.0 ms]
   [Eden: 45.0M(45.0M)->0.0B(1024.0K) Survivors: 5120.0K->5120.0K Heap: 109.4M(128.0M)->65.0M(128.0M)]
 [Times: user=0.03 sys=0.00, real=0.01 secs] 
2019-10-12T10:47:06.402-0800: 18.676: [GC pause (G1 Evacuation Pause) (mixed), 0.0203096 secs]
   [Parallel Time: 18.8 ms, GC Workers: 4]
      [GC Worker Start (ms): Min: 18676.3, Avg: 18676.3, Max: 18676.3, Diff: 0.0]
      [Ext Root Scanning (ms): Min: 0.7, Avg: 0.9, Max: 1.4, Diff: 0.7, Sum: 3.8]
      [Update RS (ms): Min: 2.1, Avg: 2.1, Max: 2.3, Diff: 0.2, Sum: 8.5]
         [Processed Buffers: Min: 4, Avg: 4.2, Max: 5, Diff: 1, Sum: 17]
      [Scan RS (ms): Min: 4.3, Avg: 4.4, Max: 4.6, Diff: 0.3, Sum: 17.7]
      [Code Root Scanning (ms): Min: 0.0, Avg: 0.1, Max: 0.1, Diff: 0.1, Sum: 0.2]
      [Object Copy (ms): Min: 10.9, Avg: 11.1, Max: 11.3, Diff: 0.4, Sum: 44.5]
      [Termination (ms): Min: 0.0, Avg: 0.1, Max: 0.1, Diff: 0.1, Sum: 0.3]
         [Termination Attempts: Min: 1, Avg: 1.0, Max: 1, Diff: 0, Sum: 4]
      [GC Worker Other (ms): Min: 0.0, Avg: 0.0, Max: 0.0, Diff: 0.0, Sum: 0.1]
      [GC Worker Total (ms): Min: 18.7, Avg: 18.8, Max: 18.8, Diff: 0.1, Sum: 75.0]
      [GC Worker End (ms): Min: 18695.0, Avg: 18695.0, Max: 18695.1, Diff: 0.0]
   [Code Root Fixup: 0.1 ms]
   [Code Root Purge: 0.0 ms]
   [Clear CT: 0.1 ms]
   [Other: 1.3 ms]
      [Choose CSet: 0.0 ms]
      [Ref Proc: 1.0 ms]
      [Ref Enq: 0.0 ms]
      [Redirty Cards: 0.1 ms]
      [Humongous Register: 0.0 ms]
      [Humongous Reclaim: 0.0 ms]
      [Free CSet: 0.1 ms]
   [Eden: 1024.0K(1024.0K)->0.0B(50.0M) Survivors: 5120.0K->1024.0K Heap: 66.0M(128.0M)->62.8M(128.0M)]
 [Times: user=0.07 sys=0.00, real=0.02 secs] 
2019-10-12T10:47:06.707-0800: 18.981: [GC pause (G1 Evacuation Pause) (young), 0.0229262 secs]
   [Parallel Time: 21.1 ms, GC Workers: 4]
      [GC Worker Start (ms): Min: 18980.9, Avg: 18980.9, Max: 18980.9, Diff: 0.0]
      [Ext Root Scanning (ms): Min: 0.7, Avg: 0.9, Max: 1.2, Diff: 0.5, Sum: 3.4]
      [Update RS (ms): Min: 10.9, Avg: 12.5, Max: 16.6, Diff: 5.7, Sum: 50.0]
         [Processed Buffers: Min: 11, Avg: 12.5, Max: 15, Diff: 4, Sum: 50]
      [Scan RS (ms): Min: 0.0, Avg: 0.0, Max: 0.1, Diff: 0.1, Sum: 0.1]
      [Code Root Scanning (ms): Min: 0.0, Avg: 0.0, Max: 0.0, Diff: 0.0, Sum: 0.0]
      [Object Copy (ms): Min: 1.8, Avg: 5.8, Max: 7.2, Diff: 5.3, Sum: 23.0]
      [Termination (ms): Min: 0.0, Avg: 1.4, Max: 1.9, Diff: 1.9, Sum: 5.5]
         [Termination Attempts: Min: 1, Avg: 1.0, Max: 1, Diff: 0, Sum: 4]
      [GC Worker Other (ms): Min: 0.0, Avg: 0.0, Max: 0.0, Diff: 0.0, Sum: 0.1]
      [GC Worker Total (ms): Min: 19.2, Avg: 20.5, Max: 21.0, Diff: 1.8, Sum: 82.1]
      [GC Worker End (ms): Min: 19000.1, Avg: 19001.4, Max: 19001.9, Diff: 1.8]
   [Code Root Fixup: 0.0 ms]
   [Code Root Purge: 0.0 ms]
   [Clear CT: 0.4 ms]
   [Other: 1.4 ms]
      [Choose CSet: 0.0 ms]
      [Ref Proc: 1.2 ms]
      [Ref Enq: 0.0 ms]
      [Redirty Cards: 0.1 ms]
      [Humongous Register: 0.0 ms]
      [Humongous Reclaim: 0.0 ms]
      [Free CSet: 0.0 ms]
   [Eden: 50.0M(50.0M)->0.0B(49.0M) Survivors: 1024.0K->2048.0K Heap: 112.8M(128.0M)->63.7M(128.0M)]
 [Times: user=0.04 sys=0.00, real=0.03 secs] 
2019-10-12T10:47:07.087-0800: 19.361: [GC pause (G1 Evacuation Pause) (young) (initial-mark), 0.0095907 secs]
   [Parallel Time: 7.3 ms, GC Workers: 4]
      [GC Worker Start (ms): Min: 19361.2, Avg: 19361.3, Max: 19361.6, Diff: 0.4]
      [Ext Root Scanning (ms): Min: 1.7, Avg: 1.9, Max: 2.2, Diff: 0.5, Sum: 7.8]
      [Update RS (ms): Min: 1.9, Avg: 2.1, Max: 2.3, Diff: 0.4, Sum: 8.5]
         [Processed Buffers: Min: 3, Avg: 4.5, Max: 8, Diff: 5, Sum: 18]
      [Scan RS (ms): Min: 0.0, Avg: 0.0, Max: 0.0, Diff: 0.0, Sum: 0.0]
      [Code Root Scanning (ms): Min: 0.0, Avg: 0.0, Max: 0.0, Diff: 0.0, Sum: 0.0]
      [Object Copy (ms): Min: 2.3, Avg: 2.6, Max: 2.9, Diff: 0.7, Sum: 10.4]
      [Termination (ms): Min: 0.0, Avg: 0.0, Max: 0.0, Diff: 0.0, Sum: 0.0]
         [Termination Attempts: Min: 1, Avg: 2.0, Max: 3, Diff: 2, Sum: 8]
      [GC Worker Other (ms): Min: 0.0, Avg: 0.0, Max: 0.0, Diff: 0.0, Sum: 0.1]
      [GC Worker Total (ms): Min: 6.4, Avg: 6.7, Max: 6.8, Diff: 0.4, Sum: 26.8]
      [GC Worker End (ms): Min: 19368.1, Avg: 19368.1, Max: 19368.1, Diff: 0.0]
   [Code Root Fixup: 0.1 ms]
   [Code Root Purge: 0.0 ms]
   [Clear CT: 0.1 ms]
   [Other: 2.2 ms]
      [Choose CSet: 0.0 ms]
      [Ref Proc: 2.0 ms]
      [Ref Enq: 0.0 ms]
      [Redirty Cards: 0.1 ms]
      [Humongous Register: 0.0 ms]
      [Humongous Reclaim: 0.0 ms]
      [Free CSet: 0.0 ms]
   [Eden: 49.0M(49.0M)->0.0B(45.0M) Survivors: 2048.0K->4096.0K Heap: 112.7M(128.0M)->65.6M(128.0M)]
 [Times: user=0.03 sys=0.00, real=0.01 secs] 
2019-10-12T10:47:07.096-0800: 19.371: [GC concurrent-root-region-scan-start]
2019-10-12T10:47:07.102-0800: 19.376: [GC concurrent-root-region-scan-end, 0.0053199 secs]
2019-10-12T10:47:07.102-0800: 19.376: [GC concurrent-mark-start]
2019-10-12T10:47:07.381-0800: 19.655: [GC concurrent-mark-end, 0.2788514 secs]
2019-10-12T10:47:07.381-0800: 19.655: [GC remark 2019-10-12T10:47:07.381-0800: 19.655: [Finalize Marking, 0.0001866 secs] 2019-10-12T10:47:07.381-0800: 19.655: [GC ref-proc, 0.0021750 secs] 2019-10-12T10:47:07.383-0800: 19.657: [Unloading, 0.0125475 secs], 0.0153238 secs]
 [Times: user=0.05 sys=0.00, real=0.01 secs] 
2019-10-12T10:47:07.396-0800: 19.671: [GC cleanup 88M->88M(128M), 0.0007567 secs]
 [Times: user=0.00 sys=0.01, real=0.00 secs] 
2019-10-12T10:47:07.493-0800: 19.767: [GC pause (G1 Evacuation Pause) (young), 0.0081198 secs]
   [Parallel Time: 6.7 ms, GC Workers: 4]
      [GC Worker Start (ms): Min: 19767.5, Avg: 19767.6, Max: 19767.6, Diff: 0.1]
      [Ext Root Scanning (ms): Min: 0.7, Avg: 1.0, Max: 1.5, Diff: 0.7, Sum: 3.9]
      [Update RS (ms): Min: 1.9, Avg: 2.1, Max: 2.3, Diff: 0.4, Sum: 8.4]
         [Processed Buffers: Min: 3, Avg: 5.0, Max: 11, Diff: 8, Sum: 20]
      [Scan RS (ms): Min: 0.0, Avg: 0.0, Max: 0.0, Diff: 0.0, Sum: 0.0]
      [Code Root Scanning (ms): Min: 0.0, Avg: 0.0, Max: 0.0, Diff: 0.0, Sum: 0.1]
      [Object Copy (ms): Min: 3.1, Avg: 3.5, Max: 3.8, Diff: 0.7, Sum: 14.2]
      [Termination (ms): Min: 0.0, Avg: 0.0, Max: 0.0, Diff: 0.0, Sum: 0.0]
         [Termination Attempts: Min: 1, Avg: 1.0, Max: 1, Diff: 0, Sum: 4]
      [GC Worker Other (ms): Min: 0.0, Avg: 0.0, Max: 0.0, Diff: 0.0, Sum: 0.1]
      [GC Worker Total (ms): Min: 6.6, Avg: 6.7, Max: 6.7, Diff: 0.1, Sum: 26.6]
      [GC Worker End (ms): Min: 19774.2, Avg: 19774.2, Max: 19774.2, Diff: 0.0]
   [Code Root Fixup: 0.0 ms]
   [Code Root Purge: 0.0 ms]
   [Clear CT: 0.1 ms]
   [Other: 1.2 ms]
      [Choose CSet: 0.0 ms]
      [Ref Proc: 1.1 ms]
      [Ref Enq: 0.0 ms]
      [Redirty Cards: 0.1 ms]
      [Humongous Register: 0.0 ms]
      [Humongous Reclaim: 0.0 ms]
      [Free CSet: 0.0 ms]
   [Eden: 45.0M(45.0M)->0.0B(2048.0K) Survivors: 4096.0K->4096.0K Heap: 110.6M(128.0M)->65.8M(128.0M)]
 [Times: user=0.02 sys=0.00, real=0.01 secs] 
2019-10-12T10:47:07.529-0800: 19.803: [GC pause (G1 Evacuation Pause) (mixed), 0.0082453 secs]
   [Parallel Time: 6.8 ms, GC Workers: 4]
      [GC Worker Start (ms): Min: 19803.4, Avg: 19803.4, Max: 19803.5, Diff: 0.1]
      [Ext Root Scanning (ms): Min: 0.7, Avg: 1.0, Max: 1.5, Diff: 0.8, Sum: 4.0]
      [Update RS (ms): Min: 1.6, Avg: 2.0, Max: 2.2, Diff: 0.7, Sum: 8.1]
         [Processed Buffers: Min: 3, Avg: 3.8, Max: 5, Diff: 2, Sum: 15]
      [Scan RS (ms): Min: 0.0, Avg: 0.2, Max: 0.3, Diff: 0.3, Sum: 0.7]
      [Code Root Scanning (ms): Min: 0.0, Avg: 0.0, Max: 0.1, Diff: 0.1, Sum: 0.1]
      [Object Copy (ms): Min: 3.4, Avg: 3.5, Max: 3.6, Diff: 0.2, Sum: 13.9]
      [Termination (ms): Min: 0.0, Avg: 0.0, Max: 0.0, Diff: 0.0, Sum: 0.0]
         [Termination Attempts: Min: 1, Avg: 1.2, Max: 2, Diff: 1, Sum: 5]
      [GC Worker Other (ms): Min: 0.0, Avg: 0.0, Max: 0.0, Diff: 0.0, Sum: 0.0]
      [GC Worker Total (ms): Min: 6.7, Avg: 6.7, Max: 6.7, Diff: 0.1, Sum: 26.9]
      [GC Worker End (ms): Min: 19810.1, Avg: 19810.1, Max: 19810.2, Diff: 0.0]
   [Code Root Fixup: 0.1 ms]
   [Code Root Purge: 0.0 ms]
   [Clear CT: 0.1 ms]
   [Other: 1.3 ms]
      [Choose CSet: 0.0 ms]
      [Ref Proc: 1.1 ms]
      [Ref Enq: 0.0 ms]
      [Redirty Cards: 0.1 ms]
      [Humongous Register: 0.0 ms]
      [Humongous Reclaim: 0.0 ms]
      [Free CSet: 0.0 ms]
   [Eden: 2048.0K(2048.0K)->0.0B(48.0M) Survivors: 4096.0K->1024.0K Heap: 67.8M(128.0M)->64.6M(128.0M)]
 [Times: user=0.03 sys=0.00, real=0.01 secs] 
2019-10-12T10:47:07.728-0800: 20.003: [GC pause (G1 Evacuation Pause) (young), 0.0108700 secs]
   [Parallel Time: 9.2 ms, GC Workers: 4]
      [GC Worker Start (ms): Min: 20002.7, Avg: 20002.7, Max: 20002.8, Diff: 0.1]
      [Ext Root Scanning (ms): Min: 0.7, Avg: 0.9, Max: 1.2, Diff: 0.5, Sum: 3.5]
      [Update RS (ms): Min: 5.6, Avg: 6.4, Max: 7.9, Diff: 2.3, Sum: 25.4]
         [Processed Buffers: Min: 8, Avg: 10.8, Max: 13, Diff: 5, Sum: 43]
      [Scan RS (ms): Min: 0.0, Avg: 0.0, Max: 0.0, Diff: 0.0, Sum: 0.0]
      [Code Root Scanning (ms): Min: 0.0, Avg: 0.0, Max: 0.0, Diff: 0.0, Sum: 0.0]
      [Object Copy (ms): Min: 0.0, Avg: 1.4, Max: 2.1, Diff: 2.1, Sum: 5.7]
      [Termination (ms): Min: 0.0, Avg: 0.4, Max: 0.6, Diff: 0.6, Sum: 1.7]
         [Termination Attempts: Min: 1, Avg: 43.8, Max: 73, Diff: 72, Sum: 175]
      [GC Worker Other (ms): Min: 0.0, Avg: 0.0, Max: 0.0, Diff: 0.0, Sum: 0.0]
      [GC Worker Total (ms): Min: 9.1, Avg: 9.1, Max: 9.1, Diff: 0.0, Sum: 36.4]
      [GC Worker End (ms): Min: 20011.8, Avg: 20011.8, Max: 20011.8, Diff: 0.0]
   [Code Root Fixup: 0.0 ms]
   [Code Root Purge: 0.0 ms]
   [Clear CT: 0.1 ms]
   [Other: 1.6 ms]
      [Choose CSet: 0.0 ms]
      [Ref Proc: 1.4 ms]
      [Ref Enq: 0.0 ms]
      [Redirty Cards: 0.1 ms]
      [Humongous Register: 0.0 ms]
      [Humongous Reclaim: 0.0 ms]
      [Free CSet: 0.0 ms]
   [Eden: 48.0M(48.0M)->0.0B(47.0M) Survivors: 1024.0K->2048.0K Heap: 112.6M(128.0M)->65.4M(128.0M)]
 [Times: user=0.03 sys=0.00, real=0.01 secs] 
2019-10-12T10:47:08.014-0800: 20.288: [GC pause (G1 Evacuation Pause) (young) (initial-mark), 0.0092121 secs]
   [Parallel Time: 7.7 ms, GC Workers: 4]
      [GC Worker Start (ms): Min: 20288.4, Avg: 20288.4, Max: 20288.4, Diff: 0.0]
      [Ext Root Scanning (ms): Min: 1.7, Avg: 1.8, Max: 1.9, Diff: 0.2, Sum: 7.3]
      [Update RS (ms): Min: 1.8, Avg: 2.5, Max: 3.9, Diff: 2.1, Sum: 10.1]
         [Processed Buffers: Min: 3, Avg: 4.2, Max: 7, Diff: 4, Sum: 17]
      [Scan RS (ms): Min: 0.0, Avg: 0.0, Max: 0.0, Diff: 0.0, Sum: 0.0]
      [Code Root Scanning (ms): Min: 0.0, Avg: 0.0, Max: 0.0, Diff: 0.0, Sum: 0.0]
      [Object Copy (ms): Min: 1.7, Avg: 3.1, Max: 3.8, Diff: 2.2, Sum: 12.3]
      [Termination (ms): Min: 0.0, Avg: 0.1, Max: 0.1, Diff: 0.1, Sum: 0.3]
         [Termination Attempts: Min: 1, Avg: 1.0, Max: 1, Diff: 0, Sum: 4]
      [GC Worker Other (ms): Min: 0.0, Avg: 0.0, Max: 0.0, Diff: 0.0, Sum: 0.0]
      [GC Worker Total (ms): Min: 7.5, Avg: 7.5, Max: 7.5, Diff: 0.0, Sum: 30.1]
      [GC Worker End (ms): Min: 20295.9, Avg: 20295.9, Max: 20296.0, Diff: 0.0]
   [Code Root Fixup: 0.0 ms]
   [Code Root Purge: 0.0 ms]
   [Clear CT: 0.1 ms]
   [Other: 1.4 ms]
      [Choose CSet: 0.0 ms]
      [Ref Proc: 1.2 ms]
      [Ref Enq: 0.0 ms]
      [Redirty Cards: 0.0 ms]
      [Humongous Register: 0.0 ms]
      [Humongous Reclaim: 0.0 ms]
      [Free CSet: 0.0 ms]
   [Eden: 47.0M(47.0M)->0.0B(43.0M) Survivors: 2048.0K->4096.0K Heap: 112.4M(128.0M)->67.5M(128.0M)]
 [Times: user=0.03 sys=0.00, real=0.01 secs] 
2019-10-12T10:47:08.023-0800: 20.298: [GC concurrent-root-region-scan-start]
2019-10-12T10:47:08.030-0800: 20.304: [GC concurrent-root-region-scan-end, 0.0066916 secs]
2019-10-12T10:47:08.030-0800: 20.304: [GC concurrent-mark-start]
2019-10-12T10:47:08.165-0800: 20.439: [GC concurrent-mark-end, 0.1351339 secs]
2019-10-12T10:47:08.165-0800: 20.440: [GC remark 2019-10-12T10:47:08.165-0800: 20.440: [Finalize Marking, 0.0001591 secs] 2019-10-12T10:47:08.165-0800: 20.440: [GC ref-proc, 0.0022430 secs] 2019-10-12T10:47:08.168-0800: 20.442: [Unloading, 0.0125034 secs], 0.0154539 secs]
 [Times: user=0.04 sys=0.00, real=0.02 secs] 
2019-10-12T10:47:08.181-0800: 20.455: [GC cleanup 97M->97M(128M), 0.0005731 secs]
 [Times: user=0.00 sys=0.00, real=0.00 secs] 
2019-10-12T10:47:08.243-0800: 20.517: [GC pause (G1 Evacuation Pause) (young), 0.0093426 secs]
   [Parallel Time: 7.5 ms, GC Workers: 4]
      [GC Worker Start (ms): Min: 20516.8, Avg: 20516.9, Max: 20516.9, Diff: 0.0]
      [Ext Root Scanning (ms): Min: 0.7, Avg: 0.9, Max: 1.3, Diff: 0.6, Sum: 3.7]
      [Update RS (ms): Min: 2.1, Avg: 2.5, Max: 2.8, Diff: 0.7, Sum: 9.8]
         [Processed Buffers: Min: 3, Avg: 4.8, Max: 7, Diff: 4, Sum: 19]
      [Scan RS (ms): Min: 0.0, Avg: 0.0, Max: 0.0, Diff: 0.0, Sum: 0.0]
      [Code Root Scanning (ms): Min: 0.0, Avg: 0.0, Max: 0.1, Diff: 0.1, Sum: 0.1]
      [Object Copy (ms): Min: 3.4, Avg: 3.7, Max: 3.9, Diff: 0.6, Sum: 14.8]
      [Termination (ms): Min: 0.0, Avg: 0.0, Max: 0.0, Diff: 0.0, Sum: 0.0]
         [Termination Attempts: Min: 1, Avg: 1.0, Max: 1, Diff: 0, Sum: 4]
      [GC Worker Other (ms): Min: 0.0, Avg: 0.0, Max: 0.0, Diff: 0.0, Sum: 0.1]
      [GC Worker Total (ms): Min: 7.1, Avg: 7.1, Max: 7.2, Diff: 0.0, Sum: 28.5]
      [GC Worker End (ms): Min: 20524.0, Avg: 20524.0, Max: 20524.0, Diff: 0.0]
   [Code Root Fixup: 0.1 ms]
   [Code Root Purge: 0.0 ms]
   [Clear CT: 0.1 ms]
   [Other: 1.7 ms]
      [Choose CSet: 0.0 ms]
      [Ref Proc: 1.5 ms]
      [Ref Enq: 0.0 ms]
      [Redirty Cards: 0.1 ms]
      [Humongous Register: 0.0 ms]
      [Humongous Reclaim: 0.0 ms]
      [Free CSet: 0.0 ms]
   [Eden: 43.0M(43.0M)->0.0B(41.0M) Survivors: 4096.0K->5120.0K Heap: 110.5M(128.0M)->68.1M(128.0M)]
 [Times: user=0.03 sys=0.00, real=0.01 secs] 
2019-10-12T10:47:08.435-0800: 20.709: [GC pause (G1 Evacuation Pause) (young), 0.0122809 secs]
   [Parallel Time: 10.6 ms, GC Workers: 4]
      [GC Worker Start (ms): Min: 20708.8, Avg: 20708.8, Max: 20708.8, Diff: 0.0]
      [Ext Root Scanning (ms): Min: 0.7, Avg: 0.9, Max: 1.4, Diff: 0.7, Sum: 3.8]
      [Update RS (ms): Min: 3.8, Avg: 4.2, Max: 4.6, Diff: 0.8, Sum: 17.0]
         [Processed Buffers: Min: 2, Avg: 5.0, Max: 7, Diff: 5, Sum: 20]
      [Scan RS (ms): Min: 0.0, Avg: 0.0, Max: 0.0, Diff: 0.0, Sum: 0.0]
      [Code Root Scanning (ms): Min: 0.0, Avg: 0.0, Max: 0.1, Diff: 0.1, Sum: 0.1]
      [Object Copy (ms): Min: 5.0, Avg: 5.2, Max: 5.5, Diff: 0.5, Sum: 20.7]
      [Termination (ms): Min: 0.0, Avg: 0.1, Max: 0.2, Diff: 0.2, Sum: 0.3]
         [Termination Attempts: Min: 1, Avg: 1.0, Max: 1, Diff: 0, Sum: 4]
      [GC Worker Other (ms): Min: 0.0, Avg: 0.0, Max: 0.0, Diff: 0.0, Sum: 0.1]
      [GC Worker Total (ms): Min: 10.5, Avg: 10.5, Max: 10.5, Diff: 0.1, Sum: 41.9]
      [GC Worker End (ms): Min: 20719.3, Avg: 20719.3, Max: 20719.4, Diff: 0.1]
   [Code Root Fixup: 0.1 ms]
   [Code Root Purge: 0.0 ms]
   [Clear CT: 0.1 ms]
   [Other: 1.5 ms]
      [Choose CSet: 0.0 ms]
      [Ref Proc: 1.3 ms]
      [Ref Enq: 0.0 ms]
      [Redirty Cards: 0.1 ms]
      [Humongous Register: 0.0 ms]
      [Humongous Reclaim: 0.0 ms]
      [Free CSet: 0.0 ms]
   [Eden: 41.0M(41.0M)->0.0B(40.0M) Survivors: 5120.0K->5120.0K Heap: 109.1M(128.0M)->69.3M(128.0M)]
 [Times: user=0.04 sys=0.00, real=0.01 secs] 
2019-10-12T10:47:08.711-0800: 20.985: [GC pause (G1 Evacuation Pause) (young) (initial-mark), 0.0125589 secs]
   [Parallel Time: 10.8 ms, GC Workers: 4]
      [GC Worker Start (ms): Min: 20985.0, Avg: 20985.0, Max: 20985.0, Diff: 0.0]
      [Ext Root Scanning (ms): Min: 1.8, Avg: 1.9, Max: 2.1, Diff: 0.3, Sum: 7.7]
      [Update RS (ms): Min: 4.0, Avg: 4.1, Max: 4.3, Diff: 0.3, Sum: 16.6]
         [Processed Buffers: Min: 6, Avg: 7.2, Max: 10, Diff: 4, Sum: 29]
      [Scan RS (ms): Min: 0.0, Avg: 0.0, Max: 0.0, Diff: 0.0, Sum: 0.0]
      [Code Root Scanning (ms): Min: 0.0, Avg: 0.0, Max: 0.0, Diff: 0.0, Sum: 0.1]
      [Object Copy (ms): Min: 4.3, Avg: 4.4, Max: 4.5, Diff: 0.3, Sum: 17.6]
      [Termination (ms): Min: 0.0, Avg: 0.1, Max: 0.2, Diff: 0.2, Sum: 0.4]
         [Termination Attempts: Min: 1, Avg: 1.0, Max: 1, Diff: 0, Sum: 4]
      [GC Worker Other (ms): Min: 0.0, Avg: 0.0, Max: 0.0, Diff: 0.0, Sum: 0.0]
      [GC Worker Total (ms): Min: 10.6, Avg: 10.6, Max: 10.6, Diff: 0.1, Sum: 42.4]
      [GC Worker End (ms): Min: 20995.6, Avg: 20995.6, Max: 20995.6, Diff: 0.1]
   [Code Root Fixup: 0.1 ms]
   [Code Root Purge: 0.0 ms]
   [Clear CT: 0.1 ms]
   [Other: 1.6 ms]
      [Choose CSet: 0.0 ms]
      [Ref Proc: 1.3 ms]
      [Ref Enq: 0.0 ms]
      [Redirty Cards: 0.1 ms]
      [Humongous Register: 0.0 ms]
      [Humongous Reclaim: 0.0 ms]
      [Free CSet: 0.0 ms]
   [Eden: 40.0M(40.0M)->0.0B(38.0M) Survivors: 5120.0K->6144.0K Heap: 109.3M(128.0M)->70.8M(128.0M)]
 [Times: user=0.04 sys=0.00, real=0.01 secs] 
2019-10-12T10:47:08.723-0800: 20.997: [GC concurrent-root-region-scan-start]
2019-10-12T10:47:08.730-0800: 21.005: [GC concurrent-root-region-scan-end, 0.0072551 secs]
2019-10-12T10:47:08.731-0800: 21.005: [GC concurrent-mark-start]
2019-10-12T10:47:08.877-0800: 21.152: [GC concurrent-mark-end, 0.1469502 secs]
2019-10-12T10:47:08.878-0800: 21.152: [GC remark 2019-10-12T10:47:08.878-0800: 21.152: [Finalize Marking, 0.0002414 secs] 2019-10-12T10:47:08.878-0800: 21.152: [GC ref-proc, 0.0022592 secs] 2019-10-12T10:47:08.880-0800: 21.155: [Unloading, 0.0119070 secs], 0.0148824 secs]
 [Times: user=0.05 sys=0.00, real=0.02 secs] 
2019-10-12T10:47:08.893-0800: 21.167: [GC cleanup 88M->88M(128M), 0.0007023 secs]
 [Times: user=0.00 sys=0.00, real=0.00 secs] 
2019-10-12T10:47:09.056-0800: 21.330: [GC pause (G1 Evacuation Pause) (young), 0.0124727 secs]
   [Parallel Time: 10.8 ms, GC Workers: 4]
      [GC Worker Start (ms): Min: 21330.2, Avg: 21330.2, Max: 21330.2, Diff: 0.0]
      [Ext Root Scanning (ms): Min: 0.8, Avg: 1.1, Max: 1.4, Diff: 0.6, Sum: 4.3]
      [Update RS (ms): Min: 3.1, Avg: 3.4, Max: 3.6, Diff: 0.5, Sum: 13.6]
         [Processed Buffers: Min: 5, Avg: 6.8, Max: 8, Diff: 3, Sum: 27]
      [Scan RS (ms): Min: 0.0, Avg: 0.0, Max: 0.0, Diff: 0.0, Sum: 0.0]
      [Code Root Scanning (ms): Min: 0.0, Avg: 0.0, Max: 0.1, Diff: 0.1, Sum: 0.2]
      [Object Copy (ms): Min: 6.0, Avg: 6.1, Max: 6.3, Diff: 0.3, Sum: 24.4]
      [Termination (ms): Min: 0.0, Avg: 0.0, Max: 0.1, Diff: 0.1, Sum: 0.2]
         [Termination Attempts: Min: 1, Avg: 1.0, Max: 1, Diff: 0, Sum: 4]
      [GC Worker Other (ms): Min: 0.0, Avg: 0.0, Max: 0.0, Diff: 0.0, Sum: 0.1]
      [GC Worker Total (ms): Min: 10.7, Avg: 10.7, Max: 10.7, Diff: 0.1, Sum: 42.7]
      [GC Worker End (ms): Min: 21340.9, Avg: 21340.9, Max: 21340.9, Diff: 0.0]
   [Code Root Fixup: 0.1 ms]
   [Code Root Purge: 0.0 ms]
   [Clear CT: 0.1 ms]
   [Other: 1.5 ms]
      [Choose CSet: 0.0 ms]
      [Ref Proc: 1.3 ms]
      [Ref Enq: 0.0 ms]
      [Redirty Cards: 0.1 ms]
      [Humongous Register: 0.0 ms]
      [Humongous Reclaim: 0.0 ms]
      [Free CSet: 0.0 ms]
   [Eden: 38.0M(38.0M)->0.0B(1024.0K) Survivors: 6144.0K->5120.0K Heap: 108.8M(128.0M)->71.1M(128.0M)]
 [Times: user=0.04 sys=0.01, real=0.01 secs] 
2019-10-12T10:47:09.094-0800: 21.368: [GC pause (G1 Evacuation Pause) (mixed), 0.0191617 secs]
   [Parallel Time: 17.0 ms, GC Workers: 4]
      [GC Worker Start (ms): Min: 21368.1, Avg: 21368.8, Max: 21370.8, Diff: 2.7]
      [Ext Root Scanning (ms): Min: 0.8, Avg: 2.6, Max: 3.7, Diff: 2.9, Sum: 10.4]
      [Update RS (ms): Min: 5.4, Avg: 5.6, Max: 5.7, Diff: 0.3, Sum: 22.4]
         [Processed Buffers: Min: 5, Avg: 7.8, Max: 12, Diff: 7, Sum: 31]
      [Scan RS (ms): Min: 1.0, Avg: 1.7, Max: 3.7, Diff: 2.7, Sum: 7.0]
      [Code Root Scanning (ms): Min: 0.0, Avg: 0.1, Max: 0.2, Diff: 0.2, Sum: 0.2]
      [Object Copy (ms): Min: 3.7, Avg: 6.2, Max: 7.6, Diff: 3.9, Sum: 24.6]
      [Termination (ms): Min: 0.0, Avg: 0.0, Max: 0.0, Diff: 0.0, Sum: 0.0]
         [Termination Attempts: Min: 1, Avg: 1.0, Max: 1, Diff: 0, Sum: 4]
      [GC Worker Other (ms): Min: 0.0, Avg: 0.1, Max: 0.1, Diff: 0.1, Sum: 0.2]
      [GC Worker Total (ms): Min: 14.2, Avg: 16.2, Max: 16.9, Diff: 2.7, Sum: 64.8]
      [GC Worker End (ms): Min: 21385.0, Avg: 21385.0, Max: 21385.0, Diff: 0.0]
   [Code Root Fixup: 0.1 ms]
   [Code Root Purge: 0.0 ms]
   [Clear CT: 0.1 ms]
   [Other: 1.9 ms]
      [Choose CSet: 0.0 ms]
      [Ref Proc: 1.7 ms]
      [Ref Enq: 0.0 ms]
      [Redirty Cards: 0.1 ms]
      [Humongous Register: 0.0 ms]
      [Humongous Reclaim: 0.0 ms]
      [Free CSet: 0.0 ms]
   [Eden: 1024.0K(1024.0K)->0.0B(41.0M) Survivors: 5120.0K->1024.0K Heap: 72.1M(128.0M)->71.5M(128.0M)]
 [Times: user=0.05 sys=0.00, real=0.02 secs] 
2019-10-12T10:47:09.657-0800: 21.931: [GC pause (G1 Evacuation Pause) (young), 0.0126053 secs]
   [Parallel Time: 10.8 ms, GC Workers: 4]
      [GC Worker Start (ms): Min: 21931.4, Avg: 21931.4, Max: 21931.4, Diff: 0.0]
      [Ext Root Scanning (ms): Min: 1.1, Avg: 1.2, Max: 1.4, Diff: 0.3, Sum: 5.0]
      [Update RS (ms): Min: 8.0, Avg: 8.2, Max: 8.4, Diff: 0.4, Sum: 32.9]
         [Processed Buffers: Min: 12, Avg: 15.5, Max: 18, Diff: 6, Sum: 62]
      [Scan RS (ms): Min: 0.0, Avg: 0.0, Max: 0.0, Diff: 0.0, Sum: 0.0]
      [Code Root Scanning (ms): Min: 0.0, Avg: 0.0, Max: 0.0, Diff: 0.0, Sum: 0.0]
      [Object Copy (ms): Min: 0.9, Avg: 1.2, Max: 1.5, Diff: 0.6, Sum: 4.7]
      [Termination (ms): Min: 0.0, Avg: 0.1, Max: 0.1, Diff: 0.1, Sum: 0.2]
         [Termination Attempts: Min: 1, Avg: 1.0, Max: 1, Diff: 0, Sum: 4]
      [GC Worker Other (ms): Min: 0.0, Avg: 0.0, Max: 0.0, Diff: 0.0, Sum: 0.0]
      [GC Worker Total (ms): Min: 10.7, Avg: 10.7, Max: 10.7, Diff: 0.0, Sum: 42.8]
      [GC Worker End (ms): Min: 21942.1, Avg: 21942.1, Max: 21942.1, Diff: 0.0]
   [Code Root Fixup: 0.0 ms]
   [Code Root Purge: 0.0 ms]
   [Clear CT: 0.1 ms]
   [Other: 1.7 ms]
      [Choose CSet: 0.0 ms]
      [Ref Proc: 1.5 ms]
      [Ref Enq: 0.0 ms]
      [Redirty Cards: 0.1 ms]
      [Humongous Register: 0.0 ms]
      [Humongous Reclaim: 0.0 ms]
      [Free CSet: 0.0 ms]
   [Eden: 41.0M(41.0M)->0.0B(36.0M) Survivors: 1024.0K->4096.0K Heap: 112.5M(128.0M)->74.0M(128.0M)]
 [Times: user=0.04 sys=0.00, real=0.02 secs] 
2019-10-12T10:47:10.044-0800: 22.318: [GC pause (G1 Evacuation Pause) (young) (initial-mark), 0.0075564 secs]
   [Parallel Time: 5.4 ms, GC Workers: 4]
      [GC Worker Start (ms): Min: 22317.9, Avg: 22317.9, Max: 22317.9, Diff: 0.0]
      [Ext Root Scanning (ms): Min: 2.2, Avg: 2.3, Max: 2.5, Diff: 0.3, Sum: 9.4]
      [Update RS (ms): Min: 0.9, Avg: 1.2, Max: 1.6, Diff: 0.6, Sum: 4.8]
         [Processed Buffers: Min: 2, Avg: 3.8, Max: 5, Diff: 3, Sum: 15]
      [Scan RS (ms): Min: 0.0, Avg: 0.0, Max: 0.0, Diff: 0.0, Sum: 0.0]
      [Code Root Scanning (ms): Min: 0.0, Avg: 0.0, Max: 0.1, Diff: 0.1, Sum: 0.1]
      [Object Copy (ms): Min: 1.1, Avg: 1.6, Max: 1.9, Diff: 0.8, Sum: 6.5]
      [Termination (ms): Min: 0.0, Avg: 0.0, Max: 0.0, Diff: 0.0, Sum: 0.0]
         [Termination Attempts: Min: 1, Avg: 1.0, Max: 1, Diff: 0, Sum: 4]
      [GC Worker Other (ms): Min: 0.0, Avg: 0.0, Max: 0.0, Diff: 0.0, Sum: 0.1]
      [GC Worker Total (ms): Min: 5.2, Avg: 5.2, Max: 5.2, Diff: 0.0, Sum: 20.8]
      [GC Worker End (ms): Min: 22323.1, Avg: 22323.1, Max: 22323.1, Diff: 0.0]
   [Code Root Fixup: 0.0 ms]
   [Code Root Purge: 0.0 ms]
   [Clear CT: 0.1 ms]
   [Other: 2.0 ms]
      [Choose CSet: 0.0 ms]
      [Ref Proc: 1.8 ms]
      [Ref Enq: 0.0 ms]
      [Redirty Cards: 0.1 ms]
      [Humongous Register: 0.0 ms]
      [Humongous Reclaim: 0.0 ms]
      [Free CSet: 0.0 ms]
   [Eden: 36.0M(36.0M)->0.0B(38.0M) Survivors: 4096.0K->3072.0K Heap: 110.0M(128.0M)->73.4M(128.0M)]
 [Times: user=0.02 sys=0.00, real=0.01 secs] 
2019-10-12T10:47:10.051-0800: 22.325: [GC concurrent-root-region-scan-start]
2019-10-12T10:47:10.055-0800: 22.329: [GC concurrent-root-region-scan-end, 0.0038284 secs]
2019-10-12T10:47:10.055-0800: 22.329: [GC concurrent-mark-start]
2019-10-12T10:47:10.220-0800: 22.494: [GC concurrent-mark-end, 0.1647248 secs]
2019-10-12T10:47:10.220-0800: 22.494: [GC remark 2019-10-12T10:47:10.220-0800: 22.494: [Finalize Marking, 0.0001877 secs] 2019-10-12T10:47:10.220-0800: 22.494: [GC ref-proc, 0.0023905 secs] 2019-10-12T10:47:10.223-0800: 22.497: [Unloading, 0.0123473 secs], 0.0153672 secs]
 [Times: user=0.05 sys=0.00, real=0.01 secs] 
2019-10-12T10:47:10.236-0800: 22.510: [GC cleanup 93M->93M(128M), 0.0008159 secs]
 [Times: user=0.01 sys=0.00, real=0.00 secs] 
2019-10-12T10:47:10.609-0800: 22.883: [GC pause (G1 Evacuation Pause) (young), 0.0086795 secs]
   [Parallel Time: 6.2 ms, GC Workers: 4]
      [GC Worker Start (ms): Min: 22883.0, Avg: 22883.0, Max: 22883.0, Diff: 0.0]
      [Ext Root Scanning (ms): Min: 1.4, Avg: 1.6, Max: 1.8, Diff: 0.4, Sum: 6.2]
      [Update RS (ms): Min: 1.3, Avg: 1.5, Max: 1.8, Diff: 0.5, Sum: 6.1]
         [Processed Buffers: Min: 3, Avg: 5.8, Max: 8, Diff: 5, Sum: 23]
      [Scan RS (ms): Min: 0.0, Avg: 0.0, Max: 0.0, Diff: 0.0, Sum: 0.0]
      [Code Root Scanning (ms): Min: 0.0, Avg: 0.0, Max: 0.1, Diff: 0.1, Sum: 0.2]
      [Object Copy (ms): Min: 2.6, Avg: 2.9, Max: 3.2, Diff: 0.5, Sum: 11.6]
      [Termination (ms): Min: 0.0, Avg: 0.0, Max: 0.0, Diff: 0.0, Sum: 0.0]
         [Termination Attempts: Min: 1, Avg: 1.0, Max: 1, Diff: 0, Sum: 4]
      [GC Worker Other (ms): Min: 0.0, Avg: 0.0, Max: 0.0, Diff: 0.0, Sum: 0.1]
      [GC Worker Total (ms): Min: 6.0, Avg: 6.0, Max: 6.1, Diff: 0.0, Sum: 24.1]
      [GC Worker End (ms): Min: 22889.0, Avg: 22889.0, Max: 22889.0, Diff: 0.0]
   [Code Root Fixup: 0.1 ms]
   [Code Root Purge: 0.0 ms]
   [Clear CT: 0.2 ms]
   [Other: 2.2 ms]
      [Choose CSet: 0.0 ms]
      [Ref Proc: 2.0 ms]
      [Ref Enq: 0.0 ms]
      [Redirty Cards: 0.1 ms]
      [Humongous Register: 0.0 ms]
      [Humongous Reclaim: 0.0 ms]
      [Free CSet: 0.0 ms]
   [Eden: 38.0M(38.0M)->0.0B(2048.0K) Survivors: 3072.0K->4096.0K Heap: 111.4M(128.0M)->74.5M(128.0M)]
 [Times: user=0.02 sys=0.00, real=0.01 secs] 
2019-10-12T10:47:11.104-0800: 23.378: [GC pause (G1 Evacuation Pause) (mixed), 0.0210354 secs]
   [Parallel Time: 19.0 ms, GC Workers: 4]
      [GC Worker Start (ms): Min: 23378.4, Avg: 23378.5, Max: 23378.6, Diff: 0.2]
      [Ext Root Scanning (ms): Min: 0.8, Avg: 1.2, Max: 1.9, Diff: 1.1, Sum: 4.8]
      [Update RS (ms): Min: 0.7, Avg: 1.3, Max: 1.5, Diff: 0.8, Sum: 5.2]
         [Processed Buffers: Min: 3, Avg: 5.0, Max: 8, Diff: 5, Sum: 20]
      [Scan RS (ms): Min: 6.5, Avg: 6.8, Max: 7.0, Diff: 0.5, Sum: 27.3]
      [Code Root Scanning (ms): Min: 0.0, Avg: 0.1, Max: 0.3, Diff: 0.2, Sum: 0.4]
      [Object Copy (ms): Min: 9.1, Avg: 9.4, Max: 9.5, Diff: 0.4, Sum: 37.6]
      [Termination (ms): Min: 0.0, Avg: 0.1, Max: 0.1, Diff: 0.1, Sum: 0.3]
         [Termination Attempts: Min: 1, Avg: 1.0, Max: 1, Diff: 0, Sum: 4]
      [GC Worker Other (ms): Min: 0.0, Avg: 0.0, Max: 0.0, Diff: 0.0, Sum: 0.0]
      [GC Worker Total (ms): Min: 18.8, Avg: 18.9, Max: 19.0, Diff: 0.2, Sum: 75.6]
      [GC Worker End (ms): Min: 23397.4, Avg: 23397.4, Max: 23397.4, Diff: 0.0]
   [Code Root Fixup: 0.1 ms]
   [Code Root Purge: 0.0 ms]
   [Clear CT: 0.1 ms]
   [Other: 1.8 ms]
      [Choose CSet: 0.0 ms]
      [Ref Proc: 1.5 ms]
      [Ref Enq: 0.0 ms]
      [Redirty Cards: 0.1 ms]
      [Humongous Register: 0.0 ms]
      [Humongous Reclaim: 0.0 ms]
      [Free CSet: 0.1 ms]
   [Eden: 2048.0K(2048.0K)->0.0B(42.0M) Survivors: 4096.0K->1024.0K Heap: 76.5M(128.0M)->70.5M(128.0M)]
 [Times: user=0.07 sys=0.00, real=0.02 secs] 
2019-10-12T10:47:11.136-0800: 23.411: [GC pause (G1 Humongous Allocation) (young) (initial-mark), 0.0145608 secs]
   [Parallel Time: 13.0 ms, GC Workers: 4]
      [GC Worker Start (ms): Min: 23410.8, Avg: 23410.8, Max: 23410.8, Diff: 0.0]
      [Ext Root Scanning (ms): Min: 2.1, Avg: 2.1, Max: 2.2, Diff: 0.2, Sum: 8.6]
      [Update RS (ms): Min: 10.2, Avg: 10.3, Max: 10.4, Diff: 0.1, Sum: 41.3]
         [Processed Buffers: Min: 14, Avg: 16.8, Max: 18, Diff: 4, Sum: 67]
      [Scan RS (ms): Min: 0.0, Avg: 0.1, Max: 0.1, Diff: 0.1, Sum: 0.2]
      [Code Root Scanning (ms): Min: 0.0, Avg: 0.0, Max: 0.0, Diff: 0.0, Sum: 0.0]
      [Object Copy (ms): Min: 0.1, Avg: 0.3, Max: 0.5, Diff: 0.4, Sum: 1.1]
      [Termination (ms): Min: 0.0, Avg: 0.0, Max: 0.0, Diff: 0.0, Sum: 0.0]
         [Termination Attempts: Min: 1, Avg: 1.0, Max: 1, Diff: 0, Sum: 4]
      [GC Worker Other (ms): Min: 0.0, Avg: 0.0, Max: 0.0, Diff: 0.0, Sum: 0.0]
      [GC Worker Total (ms): Min: 12.8, Avg: 12.8, Max: 12.8, Diff: 0.0, Sum: 51.2]
      [GC Worker End (ms): Min: 23423.6, Avg: 23423.6, Max: 23423.6, Diff: 0.0]
   [Code Root Fixup: 0.0 ms]
   [Code Root Purge: 0.0 ms]
   [Clear CT: 0.1 ms]
   [Other: 1.4 ms]
      [Choose CSet: 0.0 ms]
      [Ref Proc: 1.2 ms]
      [Ref Enq: 0.0 ms]
      [Redirty Cards: 0.1 ms]
      [Humongous Register: 0.0 ms]
      [Humongous Reclaim: 0.0 ms]
      [Free CSet: 0.0 ms]
   [Eden: 4096.0K(42.0M)->0.0B(41.0M) Survivors: 1024.0K->2048.0K Heap: 74.2M(128.0M)->71.3M(128.0M)]
 [Times: user=0.04 sys=0.00, real=0.02 secs] 
2019-10-12T10:47:11.151-0800: 23.425: [GC concurrent-root-region-scan-start]
2019-10-12T10:47:11.153-0800: 23.428: [GC concurrent-root-region-scan-end, 0.0021954 secs]
2019-10-12T10:47:11.153-0800: 23.428: [GC concurrent-mark-start]
2019-10-12T10:47:11.283-0800: 23.558: [GC concurrent-mark-end, 0.1301193 secs]
2019-10-12T10:47:11.284-0800: 23.558: [GC remark 2019-10-12T10:47:11.284-0800: 23.558: [Finalize Marking, 0.0001047 secs] 2019-10-12T10:47:11.284-0800: 23.558: [GC ref-proc, 0.0025133 secs] 2019-10-12T10:47:11.286-0800: 23.561: [Unloading, 0.0150084 secs], 0.0181128 secs]
 [Times: user=0.05 sys=0.00, real=0.02 secs] 
2019-10-12T10:47:11.302-0800: 23.576: [GC cleanup 77M->77M(128M), 0.0007500 secs]
 [Times: user=0.00 sys=0.00, real=0.00 secs] 
2019-10-12T10:47:11.923-0800: 24.197: [GC pause (G1 Evacuation Pause) (young), 0.0067718 secs]
   [Parallel Time: 4.0 ms, GC Workers: 4]
      [GC Worker Start (ms): Min: 24196.9, Avg: 24196.9, Max: 24197.0, Diff: 0.1]
      [Ext Root Scanning (ms): Min: 1.3, Avg: 1.4, Max: 1.6, Diff: 0.3, Sum: 5.7]
      [Update RS (ms): Min: 1.0, Avg: 1.1, Max: 1.5, Diff: 0.5, Sum: 4.4]
         [Processed Buffers: Min: 2, Avg: 7.2, Max: 15, Diff: 13, Sum: 29]
      [Scan RS (ms): Min: 0.0, Avg: 0.0, Max: 0.0, Diff: 0.0, Sum: 0.0]
      [Code Root Scanning (ms): Min: 0.0, Avg: 0.0, Max: 0.0, Diff: 0.0, Sum: 0.1]
      [Object Copy (ms): Min: 1.0, Avg: 1.3, Max: 1.4, Diff: 0.4, Sum: 5.1]
      [Termination (ms): Min: 0.0, Avg: 0.0, Max: 0.0, Diff: 0.0, Sum: 0.0]
         [Termination Attempts: Min: 1, Avg: 1.0, Max: 1, Diff: 0, Sum: 4]
      [GC Worker Other (ms): Min: 0.0, Avg: 0.0, Max: 0.0, Diff: 0.0, Sum: 0.1]
      [GC Worker Total (ms): Min: 3.8, Avg: 3.9, Max: 3.9, Diff: 0.1, Sum: 15.4]
      [GC Worker End (ms): Min: 24200.8, Avg: 24200.8, Max: 24200.8, Diff: 0.0]
   [Code Root Fixup: 0.0 ms]
   [Code Root Purge: 0.0 ms]
   [Clear CT: 0.1 ms]
   [Other: 2.6 ms]
      [Choose CSet: 0.0 ms]
      [Ref Proc: 1.6 ms]
      [Ref Enq: 0.0 ms]
      [Redirty Cards: 0.8 ms]
      [Humongous Register: 0.0 ms]
      [Humongous Reclaim: 0.0 ms]
      [Free CSet: 0.0 ms]
   [Eden: 41.0M(41.0M)->0.0B(2048.0K) Survivors: 2048.0K->4096.0K Heap: 113.4M(128.0M)->73.1M(128.0M)]
 [Times: user=0.02 sys=0.00, real=0.01 secs] 
2019-10-12T10:47:12.064-0800: 24.338: [GC pause (G1 Evacuation Pause) (mixed), 0.0221337 secs]
   [Parallel Time: 19.9 ms, GC Workers: 4]
      [GC Worker Start (ms): Min: 24338.0, Avg: 24338.1, Max: 24338.1, Diff: 0.1]
      [Ext Root Scanning (ms): Min: 1.1, Avg: 1.5, Max: 2.1, Diff: 1.0, Sum: 5.9]
      [Update RS (ms): Min: 0.8, Avg: 1.2, Max: 1.9, Diff: 1.2, Sum: 4.9]
         [Processed Buffers: Min: 2, Avg: 3.2, Max: 5, Diff: 3, Sum: 13]
      [Scan RS (ms): Min: 5.0, Avg: 5.9, Max: 7.1, Diff: 2.1, Sum: 23.5]
      [Code Root Scanning (ms): Min: 0.0, Avg: 0.1, Max: 0.2, Diff: 0.2, Sum: 0.5]
      [Object Copy (ms): Min: 10.0, Avg: 10.8, Max: 11.3, Diff: 1.3, Sum: 43.1]
      [Termination (ms): Min: 0.0, Avg: 0.0, Max: 0.0, Diff: 0.0, Sum: 0.0]
         [Termination Attempts: Min: 1, Avg: 2.8, Max: 4, Diff: 3, Sum: 11]
      [GC Worker Other (ms): Min: 0.0, Avg: 0.1, Max: 0.1, Diff: 0.1, Sum: 0.3]
      [GC Worker Total (ms): Min: 19.5, Avg: 19.6, Max: 19.6, Diff: 0.1, Sum: 78.2]
      [GC Worker End (ms): Min: 24357.6, Avg: 24357.6, Max: 24357.7, Diff: 0.1]
   [Code Root Fixup: 0.2 ms]
   [Code Root Purge: 0.0 ms]
   [Clear CT: 0.2 ms]
   [Other: 1.8 ms]
      [Choose CSet: 0.1 ms]
      [Ref Proc: 1.4 ms]
      [Ref Enq: 0.0 ms]
      [Redirty Cards: 0.1 ms]
      [Humongous Register: 0.0 ms]
      [Humongous Reclaim: 0.0 ms]
      [Free CSet: 0.1 ms]
   [Eden: 2048.0K(2048.0K)->0.0B(5120.0K) Survivors: 4096.0K->1024.0K Heap: 75.1M(128.0M)->65.3M(128.0M)]
 [Times: user=0.06 sys=0.01, real=0.02 secs] 
2019-10-12T10:47:12.256-0800: 24.530: [GC pause (G1 Evacuation Pause) (mixed), 0.0303448 secs]
   [Parallel Time: 28.2 ms, GC Workers: 4]
      [GC Worker Start (ms): Min: 24530.2, Avg: 24530.2, Max: 24530.3, Diff: 0.0]
      [Ext Root Scanning (ms): Min: 1.0, Avg: 1.4, Max: 2.0, Diff: 1.0, Sum: 5.5]
      [Update RS (ms): Min: 8.7, Avg: 8.8, Max: 8.9, Diff: 0.2, Sum: 35.3]
         [Processed Buffers: Min: 13, Avg: 17.2, Max: 27, Diff: 14, Sum: 69]
      [Scan RS (ms): Min: 7.3, Avg: 7.4, Max: 7.6, Diff: 0.3, Sum: 29.7]
      [Code Root Scanning (ms): Min: 0.0, Avg: 0.2, Max: 0.4, Diff: 0.4, Sum: 0.8]
      [Object Copy (ms): Min: 9.8, Avg: 10.2, Max: 10.5, Diff: 0.7, Sum: 40.6]
      [Termination (ms): Min: 0.0, Avg: 0.0, Max: 0.0, Diff: 0.0, Sum: 0.0]
         [Termination Attempts: Min: 1, Avg: 2.2, Max: 4, Diff: 3, Sum: 9]
      [GC Worker Other (ms): Min: 0.0, Avg: 0.0, Max: 0.0, Diff: 0.0, Sum: 0.0]
      [GC Worker Total (ms): Min: 28.0, Avg: 28.0, Max: 28.0, Diff: 0.0, Sum: 112.0]
      [GC Worker End (ms): Min: 24558.2, Avg: 24558.2, Max: 24558.2, Diff: 0.0]
   [Code Root Fixup: 0.2 ms]
   [Code Root Purge: 0.0 ms]
   [Clear CT: 0.1 ms]
   [Other: 1.7 ms]
      [Choose CSet: 0.1 ms]
      [Ref Proc: 1.4 ms]
      [Ref Enq: 0.0 ms]
      [Redirty Cards: 0.1 ms]
      [Humongous Register: 0.0 ms]
      [Humongous Reclaim: 0.0 ms]
      [Free CSet: 0.1 ms]
   [Eden: 5120.0K(5120.0K)->0.0B(5120.0K) Survivors: 1024.0K->1024.0K Heap: 70.3M(128.0M)->61.4M(128.0M)]
 [Times: user=0.10 sys=0.00, real=0.03 secs] 
2019-10-12T11:04:10.044-0800: 1042.279: [GC pause (G1 Evacuation Pause) (mixed), 0.0465357 secs]
   [Parallel Time: 42.8 ms, GC Workers: 4]
      [GC Worker Start (ms): Min: 1042279.7, Avg: 1042279.7, Max: 1042279.7, Diff: 0.1]
      [Ext Root Scanning (ms): Min: 1.2, Avg: 2.7, Max: 7.0, Diff: 5.8, Sum: 11.0]
      [Update RS (ms): Min: 14.7, Avg: 18.6, Max: 19.9, Diff: 5.3, Sum: 74.4]
         [Processed Buffers: Min: 16, Avg: 23.5, Max: 30, Diff: 14, Sum: 94]
      [Scan RS (ms): Min: 7.8, Avg: 8.1, Max: 8.3, Diff: 0.5, Sum: 32.4]
      [Code Root Scanning (ms): Min: 0.0, Avg: 0.3, Max: 0.6, Diff: 0.5, Sum: 1.0]
      [Object Copy (ms): Min: 12.6, Avg: 12.9, Max: 13.1, Diff: 0.4, Sum: 51.7]
      [Termination (ms): Min: 0.0, Avg: 0.0, Max: 0.0, Diff: 0.0, Sum: 0.0]
         [Termination Attempts: Min: 1, Avg: 3.0, Max: 5, Diff: 4, Sum: 12]
      [GC Worker Other (ms): Min: 0.0, Avg: 0.0, Max: 0.1, Diff: 0.0, Sum: 0.1]
      [GC Worker Total (ms): Min: 42.6, Avg: 42.7, Max: 42.7, Diff: 0.0, Sum: 170.6]
      [GC Worker End (ms): Min: 1042322.3, Avg: 1042322.3, Max: 1042322.4, Diff: 0.0]
   [Code Root Fixup: 0.2 ms]
   [Code Root Purge: 0.0 ms]
   [Clear CT: 0.1 ms]
   [Other: 3.4 ms]
      [Choose CSet: 0.4 ms]
      [Ref Proc: 2.6 ms]
      [Ref Enq: 0.0 ms]
      [Redirty Cards: 0.1 ms]
      [Humongous Register: 0.0 ms]
      [Humongous Reclaim: 0.0 ms]
      [Free CSet: 0.1 ms]
   [Eden: 5120.0K(5120.0K)->0.0B(52.0M) Survivors: 1024.0K->1024.0K Heap: 66.4M(128.0M)->60.5M(128.0M)]
 [Times: user=0.12 sys=0.04, real=0.05 secs] 
