Java HotSpot(TM) 64-Bit Server VM (25.121-b13) for bsd-amd64 JRE (1.8.0_121-b13), built on Dec 12 2016 20:39:32 by "java_re" with gcc 4.2.1 (Based on Apple Inc. build 5658) (LLVM build 2336.11.00)
Memory: 4k page, physical 8388608k(557856k free)

/proc/meminfo:

CommandLine flags: -XX:-BytecodeVerificationLocal -XX:-BytecodeVerificationRemote -XX:InitialHeapSize=134217728 -XX:+ManagementServer -XX:MaxHeapSize=2147483648 -XX:MaxNewSize=348966912 -XX:MaxTenuringThreshold=6 -XX:OldPLABSize=16 -XX:+PrintGC -XX:+PrintGCDateStamps -XX:+PrintGCDetails -XX:+PrintGCTimeStamps -XX:TieredStopAtLevel=1 -XX:+UseCompressedClassPointers -XX:+UseCompressedOops -XX:+UseConcMarkSweepGC -XX:+UseParNewGC 
2019-10-12T00:06:56.382-0800: 1.476: [GC (Allocation Failure) 2019-10-12T00:06:56.383-0800: 1.476: [ParNew: 34944K->3607K(39296K), 0.0092428 secs] 34944K->3607K(126720K), 0.0095033 secs] [Times: user=0.02 sys=0.01, real=0.01 secs] 
2019-10-12T00:06:57.128-0800: 2.222: [GC (Allocation Failure) 2019-10-12T00:06:57.129-0800: 2.222: [ParNew: 38551K->3226K(39296K), 0.0241326 secs] 38551K->5564K(126720K), 0.0244717 secs] [Times: user=0.05 sys=0.01, real=0.03 secs] 
2019-10-12T00:06:57.660-0800: 2.753: [GC (Allocation Failure) 2019-10-12T00:06:57.660-0800: 2.753: [ParNew: 38170K->2726K(39296K), 0.0038160 secs] 40508K->5064K(126720K), 0.0039613 secs] [Times: user=0.01 sys=0.00, real=0.00 secs] 
2019-10-12T00:06:58.117-0800: 3.210: [GC (Allocation Failure) 2019-10-12T00:06:58.117-0800: 3.210: [ParNew: 37670K->2309K(39296K), 0.0051807 secs] 40008K->5425K(126720K), 0.0053283 secs] [Times: user=0.02 sys=0.00, real=0.01 secs] 
2019-10-12T00:06:58.505-0800: 3.598: [GC (Allocation Failure) 2019-10-12T00:06:58.506-0800: 3.598: [ParNew: 37253K->3155K(39296K), 0.0037156 secs] 40369K->6272K(126720K), 0.0038670 secs] [Times: user=0.01 sys=0.00, real=0.00 secs] 
2019-10-12T00:06:58.941-0800: 4.033: [GC (Allocation Failure) 2019-10-12T00:06:58.941-0800: 4.033: [ParNew: 38099K->2921K(39296K), 0.0085822 secs] 41216K->6508K(126720K), 0.0087565 secs] [Times: user=0.01 sys=0.00, real=0.00 secs] 
2019-10-12T00:06:59.248-0800: 4.340: [GC (Allocation Failure) 2019-10-12T00:06:59.248-0800: 4.340: [ParNew: 37861K->3536K(39296K), 0.0098321 secs] 41448K->7511K(126720K), 0.0099971 secs] [Times: user=0.01 sys=0.00, real=0.01 secs] 
2019-10-12T00:06:59.520-0800: 4.612: [GC (Allocation Failure) 2019-10-12T00:06:59.520-0800: 4.612: [ParNew: 38480K->2792K(39296K), 0.0054166 secs] 42455K->7602K(126720K), 0.0056714 secs] [Times: user=0.01 sys=0.01, real=0.00 secs] 
2019-10-12T00:06:59.528-0800: 4.621: [GC (CMS Initial Mark) [1 CMS-initial-mark: 4810K(87424K)] 7974K(126720K), 0.0018542 secs] [Times: user=0.00 sys=0.00, real=0.01 secs] 
2019-10-12T00:06:59.530-0800: 4.623: [CMS-concurrent-mark-start]
2019-10-12T00:06:59.569-0800: 4.662: [CMS-concurrent-mark: 0.039/0.039 secs] [Times: user=0.05 sys=0.01, real=0.03 secs] 
2019-10-12T00:06:59.569-0800: 4.662: [CMS-concurrent-preclean-start]
2019-10-12T00:06:59.570-0800: 4.663: [CMS-concurrent-preclean: 0.001/0.001 secs] [Times: user=0.01 sys=0.00, real=0.01 secs] 
2019-10-12T00:06:59.570-0800: 4.663: [CMS-concurrent-abortable-preclean-start]
2019-10-12T00:07:00.000-0800: 5.092: [CMS-concurrent-abortable-preclean: 0.063/0.429 secs] [Times: user=0.49 sys=0.04, real=0.43 secs] 
2019-10-12T00:07:00.000-0800: 5.092: [GC (CMS Final Remark) [YG occupancy: 28120 K (39296 K)]2019-10-12T00:07:00.000-0800: 5.092: [Rescan (parallel) , 0.0048218 secs]2019-10-12T00:07:00.005-0800: 5.097: [weak refs processing, 0.0006063 secs]2019-10-12T00:07:00.005-0800: 5.098: [class unloading, 0.0033699 secs]2019-10-12T00:07:00.009-0800: 5.101: [scrub symbol table, 0.0079408 secs]2019-10-12T00:07:00.017-0800: 5.109: [scrub string table, 0.0007565 secs][1 CMS-remark: 4810K(87424K)] 32931K(126720K), 0.0182705 secs] [Times: user=0.03 sys=0.00, real=0.01 secs] 
2019-10-12T00:07:00.018-0800: 5.110: [CMS-concurrent-sweep-start]
2019-10-12T00:07:00.022-0800: 5.114: [CMS-concurrent-sweep: 0.004/0.004 secs] [Times: user=0.01 sys=0.00, real=0.01 secs] 
2019-10-12T00:07:00.022-0800: 5.114: [CMS-concurrent-reset-start]
2019-10-12T00:07:00.025-0800: 5.118: [CMS-concurrent-reset: 0.004/0.004 secs] [Times: user=0.01 sys=0.00, real=0.00 secs] 
2019-10-12T00:07:00.196-0800: 5.288: [GC (Allocation Failure) 2019-10-12T00:07:00.197-0800: 5.289: [ParNew: 37736K->3076K(39296K), 0.0090228 secs] 42512K->7853K(126720K), 0.0093086 secs] [Times: user=0.02 sys=0.00, real=0.01 secs] 
2019-10-12T00:07:00.566-0800: 5.658: [GC (Allocation Failure) 2019-10-12T00:07:00.566-0800: 5.658: [ParNew: 38020K->2822K(39296K), 0.0082375 secs] 42797K->9745K(126720K), 0.0083464 secs] [Times: user=0.02 sys=0.00, real=0.01 secs] 
2019-10-12T00:07:00.923-0800: 6.015: [GC (Allocation Failure) 2019-10-12T00:07:00.923-0800: 6.015: [ParNew: 37766K->3361K(39296K), 0.0048283 secs] 44689K->10284K(126720K), 0.0049123 secs] [Times: user=0.01 sys=0.00, real=0.00 secs] 
2019-10-12T00:07:01.051-0800: 6.142: [GC (Allocation Failure) 2019-10-12T00:07:01.051-0800: 6.142: [ParNew: 38305K->3068K(39296K), 0.0089108 secs] 45228K->12753K(126720K), 0.0089925 secs] [Times: user=0.02 sys=0.01, real=0.01 secs] 
2019-10-12T00:07:01.213-0800: 6.304: [GC (Allocation Failure) 2019-10-12T00:07:01.213-0800: 6.304: [ParNew: 38012K->2718K(39296K), 0.0030750 secs] 47697K->12403K(126720K), 0.0031586 secs] [Times: user=0.01 sys=0.00, real=0.00 secs] 
2019-10-12T00:07:01.385-0800: 6.476: [GC (Allocation Failure) 2019-10-12T00:07:01.385-0800: 6.476: [ParNew: 37662K->3384K(39296K), 0.0049581 secs] 47347K->13791K(126720K), 0.0051087 secs] [Times: user=0.02 sys=0.00, real=0.01 secs] 
2019-10-12T00:07:01.522-0800: 6.614: [GC (Allocation Failure) 2019-10-12T00:07:01.522-0800: 6.614: [ParNew: 38328K->3616K(39296K), 0.0078031 secs] 48735K->14864K(126720K), 0.0079093 secs] [Times: user=0.02 sys=0.01, real=0.01 secs] 
2019-10-12T00:07:01.701-0800: 6.793: [GC (Allocation Failure) 2019-10-12T00:07:01.701-0800: 6.793: [ParNew: 38560K->3496K(39296K), 0.0066712 secs] 49808K->15750K(126720K), 0.0067552 secs] [Times: user=0.02 sys=0.00, real=0.00 secs] 
2019-10-12T00:07:01.913-0800: 7.005: [GC (Allocation Failure) 2019-10-12T00:07:01.914-0800: 7.005: [ParNew: 38440K->3280K(39296K), 0.0069276 secs] 50694K->16590K(126720K), 0.0070387 secs] [Times: user=0.01 sys=0.00, real=0.01 secs] 
2019-10-12T00:07:02.171-0800: 7.263: [GC (Allocation Failure) 2019-10-12T00:07:02.171-0800: 7.263: [ParNew: 38224K->3726K(39296K), 0.0079913 secs] 51534K->17928K(126720K), 0.0080722 secs] [Times: user=0.02 sys=0.00, real=0.00 secs] 
2019-10-12T00:07:02.382-0800: 7.473: [GC (Allocation Failure) 2019-10-12T00:07:02.382-0800: 7.473: [ParNew: 38670K->3624K(39296K), 0.0063724 secs] 52872K->18401K(126720K), 0.0064581 secs] [Times: user=0.02 sys=0.00, real=0.00 secs] 
2019-10-12T00:07:02.610-0800: 7.701: [GC (Allocation Failure) 2019-10-12T00:07:02.610-0800: 7.701: [ParNew: 38568K->2734K(39296K), 0.0144373 secs] 53345K->19567K(126720K), 0.0145296 secs] [Times: user=0.02 sys=0.00, real=0.01 secs] 
2019-10-12T00:07:02.848-0800: 7.939: [GC (Allocation Failure) 2019-10-12T00:07:02.848-0800: 7.939: [ParNew: 37678K->2750K(39296K), 0.0043359 secs] 54511K->19583K(126720K), 0.0044346 secs] [Times: user=0.02 sys=0.00, real=0.01 secs] 
2019-10-12T00:07:03.141-0800: 8.232: [GC (Allocation Failure) 2019-10-12T00:07:03.141-0800: 8.232: [ParNew: 37694K->3133K(39296K), 0.0068565 secs] 54527K->20760K(126720K), 0.0069548 secs] [Times: user=0.02 sys=0.00, real=0.00 secs] 
2019-10-12T00:07:03.372-0800: 8.463: [GC (Allocation Failure) 2019-10-12T00:07:03.372-0800: 8.463: [ParNew: 38077K->3388K(39296K), 0.0059908 secs] 55704K->21619K(126720K), 0.0060776 secs] [Times: user=0.02 sys=0.00, real=0.00 secs] 
2019-10-12T00:07:03.672-0800: 8.763: [GC (Allocation Failure) 2019-10-12T00:07:03.672-0800: 8.763: [ParNew: 38332K->4215K(39296K), 0.0131779 secs] 56563K->23779K(126720K), 0.0133174 secs] [Times: user=0.04 sys=0.00, real=0.01 secs] 
2019-10-12T00:07:03.686-0800: 8.777: [GC (CMS Initial Mark) [1 CMS-initial-mark: 19564K(87424K)] 23780K(126720K), 0.0022749 secs] [Times: user=0.00 sys=0.00, real=0.00 secs] 
2019-10-12T00:07:03.688-0800: 8.779: [CMS-concurrent-mark-start]
2019-10-12T00:07:03.729-0800: 8.820: [CMS-concurrent-mark: 0.040/0.040 secs] [Times: user=0.08 sys=0.00, real=0.04 secs] 
2019-10-12T00:07:03.729-0800: 8.820: [CMS-concurrent-preclean-start]
2019-10-12T00:07:03.730-0800: 8.821: [CMS-concurrent-preclean: 0.001/0.001 secs] [Times: user=0.01 sys=0.00, real=0.01 secs] 
2019-10-12T00:07:03.730-0800: 8.821: [CMS-concurrent-abortable-preclean-start]
2019-10-12T00:07:03.894-0800: 8.985: [GC (Allocation Failure) 2019-10-12T00:07:03.894-0800: 8.985: [ParNew: 39159K->2248K(39296K), 0.0097595 secs] 58723K->23834K(126720K), 0.0098611 secs] [Times: user=0.03 sys=0.00, real=0.01 secs] 
2019-10-12T00:07:04.160-0800: 9.251: [CMS-concurrent-abortable-preclean: 0.115/0.429 secs] [Times: user=0.59 sys=0.04, real=0.43 secs] 
2019-10-12T00:07:04.160-0800: 9.251: [GC (CMS Final Remark) [YG occupancy: 27684 K (39296 K)]2019-10-12T00:07:04.160-0800: 9.251: [Rescan (parallel) , 0.0052488 secs]2019-10-12T00:07:04.165-0800: 9.256: [weak refs processing, 0.0008138 secs]2019-10-12T00:07:04.166-0800: 9.257: [class unloading, 0.0052090 secs]2019-10-12T00:07:04.171-0800: 9.262: [scrub symbol table, 0.0111818 secs]2019-10-12T00:07:04.182-0800: 9.273: [scrub string table, 0.0006211 secs][1 CMS-remark: 21585K(87424K)] 49270K(126720K), 0.0236495 secs] [Times: user=0.04 sys=0.00, real=0.02 secs] 
2019-10-12T00:07:04.184-0800: 9.275: [CMS-concurrent-sweep-start]
2019-10-12T00:07:04.193-0800: 9.284: [CMS-concurrent-sweep: 0.009/0.009 secs] [Times: user=0.02 sys=0.00, real=0.01 secs] 
2019-10-12T00:07:04.193-0800: 9.284: [CMS-concurrent-reset-start]
2019-10-12T00:07:04.195-0800: 9.286: [CMS-concurrent-reset: 0.002/0.002 secs] [Times: user=0.00 sys=0.00, real=0.00 secs] 
2019-10-12T00:07:04.261-0800: 9.352: [GC (Allocation Failure) 2019-10-12T00:07:04.261-0800: 9.352: [ParNew: 37192K->2398K(39296K), 0.0082826 secs] 57628K->22834K(126720K), 0.0083958 secs] [Times: user=0.01 sys=0.00, real=0.01 secs] 
2019-10-12T00:07:04.505-0800: 9.596: [GC (Allocation Failure) 2019-10-12T00:07:04.505-0800: 9.596: [ParNew: 37342K->4352K(39296K), 0.0071252 secs] 57778K->27161K(126720K), 0.0072065 secs] [Times: user=0.02 sys=0.00, real=0.01 secs] 
2019-10-12T00:07:04.676-0800: 9.767: [GC (Allocation Failure) 2019-10-12T00:07:04.676-0800: 9.767: [ParNew: 39296K->4150K(39296K), 0.0154988 secs] 62105K->31203K(126720K), 0.0156206 secs] [Times: user=0.02 sys=0.01, real=0.02 secs] 
2019-10-12T00:07:04.941-0800: 10.032: [GC (Allocation Failure) 2019-10-12T00:07:04.941-0800: 10.032: [ParNew: 39094K->2769K(39296K), 0.0039072 secs] 66147K->29822K(126720K), 0.0039997 secs] [Times: user=0.01 sys=0.00, real=0.00 secs] 
2019-10-12T00:07:05.193-0800: 10.284: [GC (Allocation Failure) 2019-10-12T00:07:05.193-0800: 10.284: [ParNew: 37713K->2694K(39296K), 0.0068785 secs] 64766K->30553K(126720K), 0.0069909 secs] [Times: user=0.02 sys=0.00, real=0.01 secs] 
2019-10-12T00:07:05.441-0800: 10.531: [GC (Allocation Failure) 2019-10-12T00:07:05.441-0800: 10.531: [ParNew: 37638K->4351K(39296K), 0.0058532 secs] 65497K->32508K(126720K), 0.0059476 secs] [Times: user=0.02 sys=0.00, real=0.00 secs] 
2019-10-12T00:07:05.667-0800: 10.757: [GC (Allocation Failure) 2019-10-12T00:07:05.667-0800: 10.757: [ParNew: 39295K->2807K(39296K), 0.0086115 secs] 67452K->32616K(126720K), 0.0086995 secs] [Times: user=0.03 sys=0.00, real=0.01 secs] 
2019-10-12T00:07:05.901-0800: 10.991: [GC (Allocation Failure) 2019-10-12T00:07:05.901-0800: 10.991: [ParNew: 37751K->3988K(39296K), 0.0052366 secs] 67560K->33798K(126720K), 0.0053184 secs] [Times: user=0.01 sys=0.00, real=0.00 secs] 
2019-10-12T00:07:06.136-0800: 11.226: [GC (Allocation Failure) 2019-10-12T00:07:06.136-0800: 11.227: [ParNew: 38932K->4352K(39296K), 0.0122800 secs] 68742K->35383K(126720K), 0.0123682 secs] [Times: user=0.03 sys=0.00, real=0.01 secs] 
2019-10-12T00:07:06.430-0800: 11.520: [GC (Allocation Failure) 2019-10-12T00:07:06.430-0800: 11.520: [ParNew: 39296K->4351K(39296K), 0.0173740 secs] 70327K->42883K(126720K), 0.0174676 secs] [Times: user=0.04 sys=0.00, real=0.01 secs] 
2019-10-12T00:07:06.718-0800: 11.809: [GC (Allocation Failure) 2019-10-12T00:07:06.718-0800: 11.809: [ParNew: 39295K->4352K(39296K), 0.0102315 secs] 77827K->44386K(126720K), 0.0103781 secs] [Times: user=0.02 sys=0.00, real=0.01 secs] 
2019-10-12T00:07:06.935-0800: 12.025: [GC (Allocation Failure) 2019-10-12T00:07:06.935-0800: 12.025: [ParNew: 39296K->1368K(39296K), 0.0047029 secs] 79330K->42145K(126720K), 0.0048061 secs] [Times: user=0.01 sys=0.00, real=0.00 secs] 
2019-10-12T00:07:07.063-0800: 12.153: [GC (Allocation Failure) 2019-10-12T00:07:07.063-0800: 12.153: [ParNew: 36312K->1268K(39296K), 0.0044896 secs] 77089K->42045K(126720K), 0.0045957 secs] [Times: user=0.01 sys=0.00, real=0.00 secs] 
2019-10-12T00:07:07.183-0800: 12.274: [GC (Allocation Failure) 2019-10-12T00:07:07.183-0800: 12.274: [ParNew: 36212K->1742K(39296K), 0.0032541 secs] 76989K->42519K(126720K), 0.0033552 secs] [Times: user=0.01 sys=0.00, real=0.00 secs] 
2019-10-12T00:07:07.283-0800: 12.373: [GC (Allocation Failure) 2019-10-12T00:07:07.283-0800: 12.373: [ParNew: 36686K->2244K(39296K), 0.0048990 secs] 77463K->43021K(126720K), 0.0050075 secs] [Times: user=0.01 sys=0.00, real=0.00 secs] 
2019-10-12T00:07:07.433-0800: 12.523: [GC (Allocation Failure) 2019-10-12T00:07:07.433-0800: 12.523: [ParNew: 37188K->3276K(39296K), 0.0048893 secs] 77965K->44053K(126720K), 0.0049937 secs] [Times: user=0.02 sys=0.00, real=0.00 secs] 
2019-10-12T00:07:07.676-0800: 12.767: [GC (Allocation Failure) 2019-10-12T00:07:07.677-0800: 12.767: [ParNew: 38220K->4351K(39296K), 0.0077843 secs] 78997K->45653K(126720K), 0.0078939 secs] [Times: user=0.02 sys=0.01, real=0.01 secs] 
2019-10-12T00:07:07.858-0800: 12.948: [GC (Allocation Failure) 2019-10-12T00:07:07.858-0800: 12.948: [ParNew: 39295K->4352K(39296K), 0.0097284 secs] 80597K->46869K(126720K), 0.0098426 secs] [Times: user=0.03 sys=0.00, real=0.01 secs] 
2019-10-12T00:07:08.063-0800: 13.153: [GC (Allocation Failure) 2019-10-12T00:07:08.063-0800: 13.153: [ParNew: 39296K->3651K(39296K), 0.0103959 secs] 81813K->46863K(126720K), 0.0104794 secs] [Times: user=0.03 sys=0.00, real=0.01 secs] 
2019-10-12T00:07:08.340-0800: 13.430: [GC (Allocation Failure) 2019-10-12T00:07:08.340-0800: 13.430: [ParNew: 38595K->4352K(39296K), 0.0119072 secs] 81807K->49628K(126720K), 0.0120085 secs] [Times: user=0.03 sys=0.00, real=0.01 secs] 
2019-10-12T00:07:08.524-0800: 13.614: [GC (Allocation Failure) 2019-10-12T00:07:08.524-0800: 13.614: [ParNew: 39296K->3995K(39296K), 0.0169264 secs] 84572K->53599K(126720K), 0.0170404 secs] [Times: user=0.04 sys=0.01, real=0.02 secs] 
2019-10-12T00:07:08.742-0800: 13.832: [GC (Allocation Failure) 2019-10-12T00:07:08.742-0800: 13.832: [ParNew: 38939K->3467K(39296K), 0.0062302 secs] 88543K->53072K(126720K), 0.0063798 secs] [Times: user=0.02 sys=0.00, real=0.00 secs] 
2019-10-12T00:07:08.989-0800: 14.079: [GC (Allocation Failure) 2019-10-12T00:07:08.990-0800: 14.080: [ParNew: 38411K->2723K(39296K), 0.0090394 secs] 88016K->54178K(126720K), 0.0097469 secs] [Times: user=0.02 sys=0.00, real=0.01 secs] 
2019-10-12T00:07:09.327-0800: 14.417: [GC (Allocation Failure) 2019-10-12T00:07:09.327-0800: 14.417: [ParNew: 37667K->4351K(39296K), 0.0068658 secs] 89122K->56162K(126720K), 0.0069928 secs] [Times: user=0.02 sys=0.00, real=0.01 secs] 
2019-10-12T00:07:09.549-0800: 14.639: [GC (Allocation Failure) 2019-10-12T00:07:09.549-0800: 14.639: [ParNew: 39295K->2949K(39296K), 0.0102357 secs] 91106K->57353K(126720K), 0.0103805 secs] [Times: user=0.03 sys=0.00, real=0.01 secs] 
2019-10-12T00:07:09.750-0800: 14.839: [GC (Allocation Failure) 2019-10-12T00:07:09.750-0800: 14.839: [ParNew: 37893K->2710K(39296K), 0.0077410 secs] 92297K->57115K(126720K), 0.0079104 secs] [Times: user=0.01 sys=0.01, real=0.00 secs] 
2019-10-12T00:07:09.945-0800: 15.035: [GC (Allocation Failure) 2019-10-12T00:07:09.945-0800: 15.035: [ParNew: 37654K->4042K(39296K), 0.0073988 secs] 92059K->58447K(126720K), 0.0075169 secs] [Times: user=0.01 sys=0.00, real=0.01 secs] 
2019-10-12T00:07:10.176-0800: 15.266: [GC (Allocation Failure) 2019-10-12T00:07:10.176-0800: 15.266: [ParNew: 38986K->3088K(39296K), 0.0107929 secs] 93391K->59409K(126720K), 0.0108979 secs] [Times: user=0.02 sys=0.00, real=0.01 secs] 
2019-10-12T00:07:10.391-0800: 15.481: [GC (Allocation Failure) 2019-10-12T00:07:10.391-0800: 15.481: [ParNew: 38032K->2806K(39296K), 0.0084299 secs] 94353K->60277K(126720K), 0.0085262 secs] [Times: user=0.02 sys=0.01, real=0.01 secs] 
2019-10-12T00:07:10.666-0800: 15.755: [GC (Allocation Failure) 2019-10-12T00:07:10.666-0800: 15.755: [ParNew: 37750K->4351K(39296K), 0.0089673 secs] 95221K->61879K(126720K), 0.0090569 secs] [Times: user=0.03 sys=0.00, real=0.01 secs] 
2019-10-12T00:07:11.159-0800: 16.249: [GC (Allocation Failure) 2019-10-12T00:07:11.160-0800: 16.249: [ParNew: 39295K->4352K(39296K), 0.0120231 secs] 96823K->64073K(126720K), 0.0121133 secs] [Times: user=0.03 sys=0.01, real=0.02 secs] 
2019-10-12T00:07:11.378-0800: 16.468: [GC (Allocation Failure) 2019-10-12T00:07:11.379-0800: 16.468: [ParNew: 39296K->3038K(39296K), 0.0087964 secs] 99017K->63913K(126720K), 0.0088883 secs] [Times: user=0.02 sys=0.01, real=0.01 secs] 
2019-10-12T00:07:11.584-0800: 16.673: [GC (Allocation Failure) 2019-10-12T00:07:11.584-0800: 16.673: [ParNew: 37982K->2857K(39296K), 0.0088707 secs] 98857K->64799K(126720K), 0.0090384 secs] [Times: user=0.03 sys=0.00, real=0.01 secs] 
2019-10-12T00:07:11.783-0800: 16.872: [GC (Allocation Failure) 2019-10-12T00:07:11.783-0800: 16.872: [ParNew: 37801K->3249K(39296K), 0.0071951 secs] 99743K->65191K(126720K), 0.0072873 secs] [Times: user=0.02 sys=0.00, real=0.01 secs] 
2019-10-12T00:07:11.969-0800: 17.058: [GC (Allocation Failure) 2019-10-12T00:07:11.969-0800: 17.059: [ParNew: 38193K->3057K(39296K), 0.0092382 secs] 100135K->65904K(126720K), 0.0093614 secs] [Times: user=0.02 sys=0.00, real=0.01 secs] 
2019-10-12T00:07:12.176-0800: 17.265: [GC (Allocation Failure) 2019-10-12T00:07:12.176-0800: 17.265: [ParNew: 38001K->4351K(39296K), 0.0083113 secs] 100848K->68124K(126720K), 0.0084061 secs] [Times: user=0.03 sys=0.01, real=0.01 secs] 
2019-10-12T00:07:12.390-0800: 17.479: [GC (Allocation Failure) 2019-10-12T00:07:12.390-0800: 17.479: [ParNew: 39295K->3126K(39296K), 0.0080826 secs] 103068K->67731K(126720K), 0.0081705 secs] [Times: user=0.02 sys=0.00, real=0.00 secs] 
2019-10-12T00:07:12.609-0800: 17.698: [GC (Allocation Failure) 2019-10-12T00:07:12.609-0800: 17.698: [ParNew: 38070K->2688K(39296K), 0.0109559 secs] 102675K->68141K(126720K), 0.0110694 secs] [Times: user=0.03 sys=0.00, real=0.02 secs] 
2019-10-12T00:07:12.896-0800: 17.985: [GC (Allocation Failure) 2019-10-12T00:07:12.896-0800: 17.985: [ParNew: 37632K->4341K(39296K), 0.0069342 secs] 103085K->69794K(126720K), 0.0070425 secs] [Times: user=0.02 sys=0.00, real=0.01 secs] 
2019-10-12T00:07:13.092-0800: 18.181: [GC (Allocation Failure) 2019-10-12T00:07:13.092-0800: 18.181: [ParNew: 39285K->2519K(39296K), 0.0091954 secs] 104738K->69401K(126720K), 0.0092875 secs] [Times: user=0.02 sys=0.00, real=0.01 secs] 
2019-10-12T00:07:13.101-0800: 18.191: [GC (CMS Initial Mark) [1 CMS-initial-mark: 66882K(87424K)] 70099K(126720K), 0.0025047 secs] [Times: user=0.01 sys=0.00, real=0.00 secs] 
2019-10-12T00:07:13.104-0800: 18.193: [CMS-concurrent-mark-start]
2019-10-12T00:07:13.217-0800: 18.306: [CMS-concurrent-mark: 0.113/0.113 secs] [Times: user=0.21 sys=0.01, real=0.11 secs] 
2019-10-12T00:07:13.217-0800: 18.306: [CMS-concurrent-preclean-start]
2019-10-12T00:07:13.219-0800: 18.308: [CMS-concurrent-preclean: 0.002/0.002 secs] [Times: user=0.00 sys=0.00, real=0.00 secs] 
2019-10-12T00:07:13.219-0800: 18.308: [CMS-concurrent-abortable-preclean-start]
2019-10-12T00:07:13.318-0800: 18.407: [GC (Allocation Failure) 2019-10-12T00:07:13.318-0800: 18.407: [ParNew: 37463K->3325K(39296K), 0.0071832 secs] 104345K->70207K(126720K), 0.0072779 secs] [Times: user=0.02 sys=0.00, real=0.01 secs] 
2019-10-12T00:07:13.427-0800: 18.516: [CMS-concurrent-abortable-preclean: 0.123/0.208 secs] [Times: user=0.35 sys=0.02, real=0.21 secs] 
2019-10-12T00:07:13.428-0800: 18.517: [GC (CMS Final Remark) [YG occupancy: 23565 K (39296 K)]2019-10-12T00:07:13.428-0800: 18.517: [Rescan (parallel) , 0.0093525 secs]2019-10-12T00:07:13.437-0800: 18.526: [weak refs processing, 0.0015879 secs]2019-10-12T00:07:13.439-0800: 18.528: [class unloading, 0.0080937 secs]2019-10-12T00:07:13.447-0800: 18.536: [scrub symbol table, 0.0190949 secs]2019-10-12T00:07:13.466-0800: 18.555: [scrub string table, 0.0018496 secs][1 CMS-remark: 66882K(87424K)] 90447K(126720K), 0.0411667 secs] [Times: user=0.06 sys=0.00, real=0.04 secs] 
2019-10-12T00:07:13.472-0800: 18.561: [CMS-concurrent-sweep-start]
2019-10-12T00:07:13.513-0800: 18.602: [CMS-concurrent-sweep: 0.040/0.040 secs] [Times: user=0.09 sys=0.00, real=0.04 secs] 
2019-10-12T00:07:13.513-0800: 18.602: [CMS-concurrent-reset-start]
2019-10-12T00:07:13.515-0800: 18.604: [CMS-concurrent-reset: 0.002/0.002 secs] [Times: user=0.00 sys=0.00, real=0.00 secs] 
2019-10-12T00:07:13.548-0800: 18.637: [GC (Allocation Failure) 2019-10-12T00:07:13.548-0800: 18.637: [ParNew: 38269K->3238K(39296K), 0.0089755 secs] 95147K->60699K(134092K), 0.0090708 secs] [Times: user=0.02 sys=0.00, real=0.01 secs] 
2019-10-12T00:07:13.784-0800: 18.873: [GC (Allocation Failure) 2019-10-12T00:07:13.784-0800: 18.874: [ParNew: 38182K->4351K(39296K), 0.0098851 secs] 95643K->62860K(134092K), 0.0099895 secs] [Times: user=0.03 sys=0.00, real=0.01 secs] 
2019-10-12T00:07:13.966-0800: 19.055: [GC (Allocation Failure) 2019-10-12T00:07:13.966-0800: 19.055: [ParNew: 39295K->3730K(39296K), 0.0107495 secs] 97804K->63358K(134092K), 0.0108445 secs] [Times: user=0.03 sys=0.00, real=0.01 secs] 
2019-10-12T00:07:14.164-0800: 19.253: [GC (Allocation Failure) 2019-10-12T00:07:14.164-0800: 19.253: [ParNew: 38674K->3926K(39296K), 0.0109517 secs] 98302K->64450K(134092K), 0.0110716 secs] [Times: user=0.03 sys=0.00, real=0.01 secs] 
2019-10-12T00:07:14.380-0800: 19.469: [GC (Allocation Failure) 2019-10-12T00:07:14.380-0800: 19.469: [ParNew: 38870K->3631K(39296K), 0.0089596 secs] 99394K->65189K(134092K), 0.0090489 secs] [Times: user=0.02 sys=0.00, real=0.00 secs] 
2019-10-12T00:07:14.656-0800: 19.745: [GC (Allocation Failure) 2019-10-12T00:07:14.656-0800: 19.745: [ParNew: 38575K->4061K(39296K), 0.0072933 secs] 100133K->66223K(134092K), 0.0073919 secs] [Times: user=0.02 sys=0.00, real=0.01 secs] 
2019-10-12T00:07:14.911-0800: 20.000: [GC (Allocation Failure) 2019-10-12T00:07:14.911-0800: 20.000: [ParNew: 39005K->4351K(39296K), 0.0089287 secs] 101167K->67726K(134092K), 0.0090607 secs] [Times: user=0.02 sys=0.00, real=0.01 secs] 
2019-10-12T00:07:15.427-0800: 20.516: [GC (Allocation Failure) 2019-10-12T00:07:15.427-0800: 20.516: [ParNew: 39295K->4020K(39296K), 0.0183696 secs] 102670K->68735K(134092K), 0.0185495 secs] [Times: user=0.04 sys=0.01, real=0.02 secs] 
2019-10-12T00:07:15.733-0800: 20.822: [GC (Allocation Failure) 2019-10-12T00:07:15.733-0800: 20.822: [ParNew: 38964K->2280K(39296K), 0.0077631 secs] 103679K->67953K(134092K), 0.0078699 secs] [Times: user=0.02 sys=0.00, real=0.01 secs] 
2019-10-12T00:07:16.083-0800: 21.172: [GC (Allocation Failure) 2019-10-12T00:07:16.083-0800: 21.172: [ParNew: 37224K->3442K(39296K), 0.0074733 secs] 102897K->69115K(134092K), 0.0075852 secs] [Times: user=0.02 sys=0.00, real=0.01 secs] 
2019-10-12T00:07:17.058-0800: 22.146: [GC (Allocation Failure) 2019-10-12T00:07:17.058-0800: 22.146: [ParNew: 38386K->3547K(39296K), 0.0080209 secs] 104059K->70306K(134092K), 0.0081342 secs] [Times: user=0.02 sys=0.00, real=0.01 secs] 
2019-10-12T02:16:10.753-0800: 974.211: [GC (Allocation Failure) 2019-10-12T02:16:10.753-0800: 974.212: [ParNew: 38468K->4352K(39296K), 0.0604249 secs] 105226K->72743K(134092K), 0.0606598 secs] [Times: user=0.03 sys=0.09, real=0.06 secs] 
